Archive member included because of file (symbol)

C:\Program Files (x86)\VEX Robotics\VEXcode Pro V5\sdk/vexv5\libv5rt.a(v5_startup.c.obj)
                              (vexStartup)
C:\Program Files (x86)\VEX Robotics\VEXcode Pro V5\sdk/vexv5\libv5rt.a(v5_util.c.obj)
                              C:\Program Files (x86)\VEX Robotics\VEXcode Pro V5\sdk/vexv5\libv5rt.a(v5_startup.c.obj) (vexStdlibVersionLinked)
C:\Program Files (x86)\VEX Robotics\VEXcode Pro V5\sdk/vexv5\libv5rt.a(v5_apijump.c.obj)
                              C:\Program Files (x86)\VEX Robotics\VEXcode Pro V5\sdk/vexv5\libv5rt.a(v5_startup.c.obj) (vexPrivateApiEnable)
C:\Program Files (x86)\VEX Robotics\VEXcode Pro V5\sdk/vexv5\libv5rt.a(v5_apiversions.c.obj)
                              C:\Program Files (x86)\VEX Robotics\VEXcode Pro V5\sdk/vexv5\libv5rt.a(v5_apijump.c.obj) (vexSystemVersion)
C:\Program Files (x86)\VEX Robotics\VEXcode Pro V5\sdk/vexv5\libv5rt.a(vex_global.cpp.obj)
                              build/src/main.o (vex::wait(double, vex::timeUnits))
C:\Program Files (x86)\VEX Robotics\VEXcode Pro V5\sdk/vexv5\libv5rt.a(vex_motor.cpp.obj)
                              build/src/robot-config.o (vex::motor::~motor())
C:\Program Files (x86)\VEX Robotics\VEXcode Pro V5\sdk/vexv5\libv5rt.a(vex_imu.cpp.obj)
                              build/src/robot-config.o (vex::inertial::~inertial())
C:\Program Files (x86)\VEX Robotics\VEXcode Pro V5\sdk/vexv5\libv5rt.a(vex_controller.cpp.obj)
                              build/src/main.o (vex::controller::~controller())
C:\Program Files (x86)\VEX Robotics\VEXcode Pro V5\sdk/vexv5\libv5rt.a(vex_task.cpp.obj)
                              build/src/main.o (vex::task::task(int (*)()))
C:\Program Files (x86)\VEX Robotics\VEXcode Pro V5\sdk/vexv5\libv5rt.a(vex_thread.cpp.obj)
                              C:\Program Files (x86)\VEX Robotics\VEXcode Pro V5\sdk/vexv5\libv5rt.a(vex_global.cpp.obj) (vex::this_thread::sleep_for(unsigned long))
C:\Program Files (x86)\VEX Robotics\VEXcode Pro V5\sdk/vexv5\libv5rt.a(vex_event.cpp.obj)
                              C:\Program Files (x86)\VEX Robotics\VEXcode Pro V5\sdk/vexv5\libv5rt.a(vex_imu.cpp.obj) (vex::event::init(unsigned long, unsigned long, void (*)()))
C:\Program Files (x86)\VEX Robotics\VEXcode Pro V5\sdk/vexv5\libv5rt.a(vex_mevent.cpp.obj)
                              C:\Program Files (x86)\VEX Robotics\VEXcode Pro V5\sdk/vexv5\libv5rt.a(vex_controller.cpp.obj) (vex::mevent::mevent(unsigned long, unsigned long))
C:\Program Files (x86)\VEX Robotics\VEXcode Pro V5\sdk/vexv5\libv5rt.a(vex_brain.cpp.obj)
                              build/src/auton.o (vex::brain::lcd::setCursor(long, long))
C:\Program Files (x86)\VEX Robotics\VEXcode Pro V5\sdk/vexv5\libv5rt.a(vex_competition.cpp.obj)
                              build/src/main.o (vex::competition::competition())
C:\Program Files (x86)\VEX Robotics\VEXcode Pro V5\sdk/vexv5\libv5rt.a(vex_triport.cpp.obj)
                              C:\Program Files (x86)\VEX Robotics\VEXcode Pro V5\sdk/vexv5\libv5rt.a(vex_brain.cpp.obj) (vex::triport::~triport())
C:\Program Files (x86)\VEX Robotics\VEXcode Pro V5\sdk/vexv5\libv5rt.a(vex_color.cpp.obj)
                              build/src/main.o (vex::color::~color())
C:\Program Files (x86)\VEX Robotics\VEXcode Pro V5\sdk/vexv5\libv5rt.a(vex_timer.cpp.obj)
                              C:\Program Files (x86)\VEX Robotics\VEXcode Pro V5\sdk/vexv5\libv5rt.a(vex_brain.cpp.obj) (vex::timer::~timer())
C:\Program Files (x86)\VEX Robotics\VEXcode Pro V5\sdk/vexv5\libv5rt.a(vex_motorgroup.cpp.obj)
                              build/src/robot-config.o (vex::motor_group::motor_group())
C:\Program Files (x86)\VEX Robotics\VEXcode Pro V5\sdk/vexv5\libv5rt.a(v5_apiuser.c.obj)
                              C:\Program Files (x86)\VEX Robotics\VEXcode Pro V5\sdk/vexv5\libv5rt.a(vex_triport.cpp.obj) (vexAdiPortConfigSet)
C:\Program Files (x86)\VEX Robotics\VEXcode Pro V5\sdk/vexv5\libv5rt.a(vex_device.cpp.obj)
                              C:\Program Files (x86)\VEX Robotics\VEXcode Pro V5\sdk/vexv5\libv5rt.a(vex_motor.cpp.obj) (vex::device::~device())
C:\Program Files (x86)\VEX Robotics\VEXcode Pro V5\sdk/vexv5/gcc/libs\libstdc++.a(sstream-inst.o)
                              build/src/main.o (VTT for std::basic_stringstream<char, std::char_traits<char>, std::allocator<char> >)
C:\Program Files (x86)\VEX Robotics\VEXcode Pro V5\sdk/vexv5/gcc/libs\libstdc++.a(streambuf-inst.o)
                              C:\Program Files (x86)\VEX Robotics\VEXcode Pro V5\sdk/vexv5/gcc/libs\libstdc++.a(sstream-inst.o) (vtable for std::basic_streambuf<char, std::char_traits<char> >)
C:\Program Files (x86)\VEX Robotics\VEXcode Pro V5\sdk/vexv5/gcc/libs\libstdc++.a(class_type_info.o)
                              C:\Program Files (x86)\VEX Robotics\VEXcode Pro V5\sdk/vexv5/gcc/libs\libstdc++.a(streambuf-inst.o) (vtable for __cxxabiv1::__class_type_info)
[...]
Memory Configuration

Name             Origin             Length             Attributes
ps7_ddr_0_S_AXI_BASEADDR 0x03800000         0x04800000
*default*        0x00000000         0xffffffff

Linker script and memory map

                0x00002000                _STACK_SIZE = DEFINED (_STACK_SIZE)?_STACK_SIZE:0x2000
                0x00100000                _HEAP_SIZE = DEFINED (_HEAP_SIZE)?_HEAP_SIZE:0x100000
                0x00000400                _ABORT_STACK_SIZE = DEFINED (_ABORT_STACK_SIZE)?_ABORT_STACK_SIZE:0x400
                0x00000800                _SUPERVISOR_STACK_SIZE = DEFINED (_SUPERVISOR_STACK_SIZE)?_SUPERVISOR_STACK_SIZE:0x800
                0x00000400                _IRQ_STACK_SIZE = DEFINED (_IRQ_STACK_SIZE)?_IRQ_STACK_SIZE:0x400
                0x00000400                _FIQ_STACK_SIZE = DEFINED (_FIQ_STACK_SIZE)?_FIQ_STACK_SIZE:0x400
                0x00000400                _UNDEF_STACK_SIZE = DEFINED (_UNDEF_STACK_SIZE)?_UNDEF_STACK_SIZE:0x400

.text           0x03800000     0xf490
 *(.vectors)
 *(.boot_data)
 .boot_data     0x03800000       0x20 C:\Program Files (x86)\VEX Robotics\VEXcode Pro V5\sdk/vexv5\libv5rt.a(v5_startup.c.obj)
                0x03800000                vexCodeSig
                0x00000020                . = 0x20
 *(.boot)
 .boot          0x03800020       0xbc C:\Program Files (x86)\VEX Robotics\VEXcode Pro V5\sdk/vexv5\libv5rt.a(v5_startup.c.obj)
                0x03800020                vexStartup
                0x03800100                . = ALIGN (0x40)
 *fill*         0x038000dc       0x24 
 *(.freertos_vectors)
 *(.text)
 .text          0x03800100       0x3a C:\Program Files (x86)\VEX Robotics\VEXcode Pro V5\sdk/vexv5/gcc/libs\libc.a(lib_a-aeabi_memmove-soft.o)
                0x03800100                __aeabi_memmove4
                0x03800100                __aeabi_memmove
                0x03800100                __aeabi_memmove8
 *(.text.*)
 *fill*         0x0380013a        0x2 
 .text._ZN4PathD2Ev
                0x0380013c        0x4 build/src/main.o
                0x0380013c                Path::~Path()
 .text._ZNSt6vectorI4PathSaIS0_EED2Ev
                0x03800140       0x44 build/src/main.o
                0x03800140                std::vector<Path, std::allocator<Path> >::~vector()
 .text._Z9pre_autonv
                0x03800184      0x3e0 build/src/main.o
                0x03800184                pre_auton()
 .text._Z11parseStringSs
                0x03800564      0x2dc build/src/main.o
                0x03800564                parseString(std::string)
 .text._ZNSt5dequeI5PointSaIS0_EEaSERKS2_
                0x03800840      0x28c build/src/main.o
                0x03800840                std::deque<Point, std::allocator<Point> >::operator=(std::deque<Point, std::allocator<Point> > const&)
 .text._Z10autonomousv
                0x03800acc       0x54 build/src/main.o
                0x03800acc                autonomous()
 .text._Z15initUserControlv
                0x03800b20       0x9c build/src/main.o
                0x03800b20                initUserControl()
 *fill*         0x03800bbc        0x4 
 .text._Z11usercontrolv
                0x03800bc0      0x214 build/src/main.o
                0x03800bc0                usercontrol()
 .text._Z13IntakeEngagedv
                0x03800dd4       0x10 build/src/main.o
                0x03800dd4                IntakeEngaged()
 .text._Z12ShootEngagedv
                0x03800de4       0x10 build/src/main.o
                0x03800de4                ShootEngaged()
 .text._Z11EndgameFirev
                0x03800df4       0x10 build/src/main.o
                0x03800df4                EndgameFire()
 .text._Z13BlooperTogglev
                0x03800e04       0x28 build/src/main.o
                0x03800e04                BlooperToggle()
 .text.__cxx_global_array_dtor
                0x03800e2c       0x3c build/src/main.o
 .text.main     0x03800e68       0x68 build/src/main.o
                0x03800e68                main
 .text._ZNSt6vectorIfSaIfEEC2ESt16initializer_listIfERKS0_
                0x03800ed0       0x58 build/src/main.o
                0x03800ed0                std::vector<float, std::allocator<float> >::vector(std::initializer_list<float>, std::allocator<float> const&)
 .text._ZN5PointC2ESt6vectorIfSaIfEE
                0x03800f28       0x54 build/src/main.o
                0x03800f28                Point::Point(std::vector<float, std::allocator<float> >)
 .text._ZNSt6vectorIfSaIfEE19_M_emplace_back_auxIJRKfEEEvDpOT_
                0x03800f7c       0x80 build/src/main.o
                0x03800f7c                void std::vector<float, std::allocator<float> >::_M_emplace_back_aux<float const&>(float const&)
 .text._ZNKSt6vectorIfSaIfEE12_M_check_lenEjPKc
                0x03800ffc       0x54 build/src/main.o
                0x03800ffc                std::vector<float, std::allocator<float> >::_M_check_len(unsigned int, char const*) const
 .text._ZNSt12_Vector_baseIfSaIfEE11_M_allocateEj
                0x03801050       0x30 build/src/main.o
                0x03801050                std::_Vector_base<float, std::allocator<float> >::_M_allocate(unsigned int)
 .text._ZNSt5dequeI5PointSaIS0_EE16_M_push_back_auxIJRKS0_EEEvDpOT_
                0x03801080       0x88 build/src/main.o
                0x03801080                void std::deque<Point, std::allocator<Point> >::_M_push_back_aux<Point const&>(Point const&)
 .text._ZNSt5dequeI5PointSaIS0_EE22_M_reserve_map_at_backEj
                0x03801108       0x28 build/src/main.o
                0x03801108                std::deque<Point, std::allocator<Point> >::_M_reserve_map_at_back(unsigned int)
 .text._ZNSt5dequeI5PointSaIS0_EE17_M_reallocate_mapEjb
                0x03801130      0x12c build/src/main.o
                0x03801130                std::deque<Point, std::allocator<Point> >::_M_reallocate_map(unsigned int, bool)
 .text._ZNSt11_Deque_baseI5PointSaIS0_EE17_M_initialize_mapEj
                0x0380125c       0xc4 build/src/main.o
                0x0380125c                std::_Deque_base<Point, std::allocator<Point> >::_M_initialize_map(unsigned int)
 .text._ZNSt11_Deque_baseI5PointSaIS0_EED2Ev
                0x03801320       0x50 build/src/main.o
                0x03801320                std::_Deque_base<Point, std::allocator<Point> >::~_Deque_base()
 .text._ZSt4copyI5PointESt15_Deque_iteratorIT_RS2_PS2_ES1_IS2_RKS2_PS6_ES9_S5_
                0x03801370      0x1a8 build/src/main.o
                0x03801370                std::_Deque_iterator<Point, Point&, Point*> std::copy<Point>(std::_Deque_iterator<Point, Point const&, Point const*>, std::_Deque_iterator<Point, Point const&, Point const*>, std::_Deque_iterator<Point, Point&, Point*>)
 .text._ZNSt5dequeI5PointSaIS0_EE6insertISt15_Deque_iteratorIS0_RKS0_PS5_EvEES4_IS0_RS0_PS0_ES8_T_SC_
                0x03801518       0xe0 build/src/main.o
                0x03801518                std::_Deque_iterator<Point, Point&, Point*> std::deque<Point, std::allocator<Point> >::insert<std::_Deque_iterator<Point, Point const&, Point const*>, void>(std::_Deque_iterator<Point, Point const&, Point const*>, std::_Deque_iterator<Point, Point const&, Point const*>, std::_Deque_iterator<Point, Point const&, Point const*>)
 .text._ZNSt15_Deque_iteratorI5PointRS0_PS0_EpLEi
                0x038015f8       0xa4 build/src/main.o
                0x038015f8                std::_Deque_iterator<Point, Point&, Point*>::operator+=(int)
 .text._ZNKSt15_Deque_iteratorI5PointRS0_PS0_EplEi
                0x0380169c       0xa0 build/src/main.o
                0x0380169c                std::_Deque_iterator<Point, Point&, Point*>::operator+(int) const
 .text._ZNSt5dequeI5PointSaIS0_EE19_M_range_insert_auxISt15_Deque_iteratorIS0_RKS0_PS5_EEEvS4_IS0_RS0_PS0_ET_SC_St20forward_iterator_tag
                0x0380173c      0x1a8 build/src/main.o
                0x0380173c                void std::deque<Point, std::allocator<Point> >::_M_range_insert_aux<std::_Deque_iterator<Point, Point const&, Point const*> >(std::_Deque_iterator<Point, Point&, Point*>, std::_Deque_iterator<Point, Point const&, Point const*>, std::_Deque_iterator<Point, Point const&, Point const*>, std::forward_iterator_tag)
 .text._ZNSt5dequeI5PointSaIS0_EE28_M_reserve_elements_at_frontEj
                0x038018e4       0x5c build/src/main.o
                0x038018e4                std::deque<Point, std::allocator<Point> >::_M_reserve_elements_at_front(unsigned int)
 .text._ZNSt5dequeI5PointSaIS0_EE27_M_reserve_elements_at_backEj
                0x03801940       0x60 build/src/main.o
                0x03801940                std::deque<Point, std::allocator<Point> >::_M_reserve_elements_at_back(unsigned int)
 .text._ZNSt5dequeI5PointSaIS0_EE13_M_insert_auxISt15_Deque_iteratorIS0_RKS0_PS5_EEEvS4_IS0_RS0_PS0_ET_SC_j
                0x038019a0      0x7ac build/src/main.o
                0x038019a0                void std::deque<Point, std::allocator<Point> >::_M_insert_aux<std::_Deque_iterator<Point, Point const&, Point const*> >(std::_Deque_iterator<Point, Point&, Point*>, std::_Deque_iterator<Point, Point const&, Point const*>, std::_Deque_iterator<Point, Point const&, Point const*>, unsigned int)
 .text._ZNSt5dequeI5PointSaIS0_EE24_M_new_elements_at_frontEj
                0x0380214c       0xf4 build/src/main.o
                0x0380214c                std::deque<Point, std::allocator<Point> >::_M_new_elements_at_front(unsigned int)
 .text._ZNKSt15_Deque_iteratorI5PointRS0_PS0_EmiEi
                0x03802240       0xa8 build/src/main.o
                0x03802240                std::_Deque_iterator<Point, Point&, Point*>::operator-(int) const
 .text._ZNSt5dequeI5PointSaIS0_EE23_M_new_elements_at_backEj
                0x038022e8       0xdc build/src/main.o
                0x038022e8                std::deque<Point, std::allocator<Point> >::_M_new_elements_at_back(unsigned int)
 .text._ZSt4moveI5PointESt15_Deque_iteratorIT_RS2_PS2_ES1_IS2_RKS2_PS6_ES9_S5_
                0x038023c4      0x1a8 build/src/main.o
                0x038023c4                std::_Deque_iterator<Point, Point&, Point*> std::move<Point>(std::_Deque_iterator<Point, Point const&, Point const*>, std::_Deque_iterator<Point, Point const&, Point const*>, std::_Deque_iterator<Point, Point&, Point*>)
 .text._ZSt13move_backwardI5PointESt15_Deque_iteratorIT_RS2_PS2_ES1_IS2_RKS2_PS6_ES9_S5_
                0x0380256c      0x1b8 build/src/main.o
                0x0380256c                std::_Deque_iterator<Point, Point&, Point*> std::move_backward<Point>(std::_Deque_iterator<Point, Point const&, Point const*>, std::_Deque_iterator<Point, Point const&, Point const*>, std::_Deque_iterator<Point, Point&, Point*>)
 *fill*         0x03802724        0x4 
 .text._GLOBAL__sub_I_main.cpp
                0x03802728      0x5b8 build/src/main.o
 .text._ZN13MotionProfileD2Ev
                0x03802ce0       0x1c build/src/auton.o
                0x03802ce0                MotionProfile::~MotionProfile()
 *fill*         0x03802cfc        0x4 
 .text._Z10brainPrintv
                0x03802d00      0x23c build/src/auton.o
                0x03802d00                brainPrint()
 *fill*         0x03802f3c        0x4 
 .text._Z8LeftAutov
                0x03802f40      0x818 build/src/auton.o
                0x03802f40                LeftAuto()
 .text._Z7LeftAWPv
                0x03803758     0x10f8 build/src/auton.o
                0x03803758                LeftAWP()
 .text._Z4Leftv
                0x03804850      0x9e0 build/src/auton.o
                0x03804850                Left()
 .text._Z15BetterRightAutov
                0x03805230      0x90c build/src/auton.o
                0x03805230                BetterRightAuto()
 *fill*         0x03805b3c        0x4 
 .text._Z10SkillsAutov
                0x03805b40     0x2560 build/src/auton.o
                0x03805b40                SkillsAuto()
 .text._Z9RightAutov
                0x038080a0      0xbe8 build/src/auton.o
                0x038080a0                RightAuto()
 .text._Z8PureTestv
                0x03808c88       0xd8 build/src/auton.o
                0x03808c88                PureTest()
 .text._ZNSt5dequeI5PointSaIS0_EEC2ERKS2_
                0x03808d60       0xf8 build/src/auton.o
                0x03808d60                std::deque<Point, std::allocator<Point> >::deque(std::deque<Point, std::allocator<Point> > const&)
 .text._GLOBAL__sub_I_auton.cpp
                0x03808e58      0x2b0 build/src/auton.o
 .text._Z11vexcodeInitv
                0x03809108        0x4 build/src/robot-config.o
                0x03809108                vexcodeInit()
 .text._GLOBAL__sub_I_robot_config.cpp
                0x0380910c      0x39c build/src/robot-config.o
 .text._ZN13MotionProfile17determineTopSpeedEv
                0x038094a8       0xf4 build/src/motion-profile.o
                0x038094a8                MotionProfile::determineTopSpeed()
 .text._ZN13MotionProfile14determineTimesEv
                0x0380959c       0xc0 build/src/motion-profile.o
                0x0380959c                MotionProfile::determineTimes()
 *fill*         0x0380965c        0x4 
 .text._ZN13MotionProfile20generatePointsinPathEv
                0x03809660      0x30c build/src/motion-profile.o
                0x03809660                MotionProfile::generatePointsinPath()
 .text._ZN5Point14setCoordinatesESt6vectorIfSaIfEE
                0x0380996c       0x54 build/src/motion-profile.o
                0x0380996c                Point::setCoordinates(std::vector<float, std::allocator<float> >)
 .text._ZN4Path8addPointE5Point
                0x038099c0       0x78 build/src/motion-profile.o
                0x038099c0                Path::addPoint(Point)
 .text._ZN13MotionProfileC2E5PointS0_ff
                0x03809a38       0xd0 build/src/motion-profile.o
                0x03809a38                MotionProfile::MotionProfile(Point, Point, float, float)
                0x03809a38                MotionProfile::MotionProfile(Point, Point, float, float)
 .text._ZN13MotionProfileC2Ev
                0x03809b08       0x3c build/src/motion-profile.o
                0x03809b08                MotionProfile::MotionProfile()
                0x03809b08                MotionProfile::MotionProfile()
 .text._ZNKSt5dequeI5PointSaIS0_EE14_M_range_checkEj
                0x03809b44       0x70 build/src/motion-profile.o
                0x03809b44                std::deque<Point, std::allocator<Point> >::_M_range_check(unsigned int) const
 .text._ZNKSt5dequeI5PointSaIS0_EE4sizeEv
                0x03809bb4       0x58 build/src/motion-profile.o
                0x03809bb4                std::deque<Point, std::allocator<Point> >::size() const
 .text._ZN4PIDFC2EPf
                0x03809c0c       0x30 build/src/pidf/pidf.o
                0x03809c0c                PIDF::PIDF(float*)
                0x03809c0c                PIDF::PIDF(float*)
 .text._ZN4PIDF9changePIDEPf
                0x03809c3c       0x24 build/src/pidf/pidf.o
                0x03809c3c                PIDF::changePID(float*)
 .text._ZN4PIDF10updatePIDFEf
                0x03809c60       0x30 build/src/pidf/pidf.o
                0x03809c60                PIDF::updatePIDF(float)
 .text._ZN4PIDF19calculateErrorPowerEv
                0x03809c90       0x2c build/src/pidf/pidf.o
                0x03809c90                PIDF::calculateErrorPower()
 .text._ZN4PIDF21calculateForwardPowerEf
                0x03809cbc       0x14 build/src/pidf/pidf.o
                0x03809cbc                PIDF::calculateForwardPower(float)
 .text._ZN4PIDF8resetPIDEv
                0x03809cd0       0x1c build/src/pidf/pidf.o
                0x03809cd0                PIDF::resetPID()
 .text._Z9SpinDriveff
                0x03809cec       0xb0 build/src/subsystems/drivetrain.o
                0x03809cec                SpinDrive(float, float)
 *fill*         0x03809d9c        0x4 
 .text._Z12getWheelValsv
                0x03809da0      0x140 build/src/subsystems/drivetrain.o
                0x03809da0                getWheelVals()
 .text._Z12odomTrackingv
                0x03809ee0      0x1fc build/src/subsystems/drivetrain.o
                0x03809ee0                odomTracking()
 *fill*         0x0380a0dc        0x4 
 .text._Z10DriverPIDFv
                0x0380a0e0      0x4b4 build/src/subsystems/drivetrain.o
                0x0380a0e0                DriverPIDF()
 *fill*         0x0380a594        0x4 
 .text._ZN4Path14getPointinTimeEf
                0x0380a598       0xc0 build/src/subsystems/drivetrain.o
                0x0380a598                Path::getPointinTime(float)
 .text._Z12TurnOnlyPIDFv
                0x0380a658      0x184 build/src/subsystems/drivetrain.o
                0x0380a658                TurnOnlyPIDF()
 *fill*         0x0380a7dc        0x4 
 .text._Z7Stopperv
                0x0380a7e0      0x138 build/src/subsystems/drivetrain.o
                0x0380a7e0                Stopper()
 .text._Z10OdomThreadv
                0x0380a918       0x58 build/src/subsystems/drivetrain.o
                0x0380a918                OdomThread()
 .text._Z9GoToPoint13MotionProfileff
                0x0380a970      0x264 build/src/subsystems/drivetrain.o
                0x0380a970                GoToPoint(MotionProfile, float, float)
 .text._Z11TurnToAnglefff
                0x0380abd4       0x84 build/src/subsystems/drivetrain.o
                0x0380abd4                TurnToAngle(float, float, float)
 .text._GLOBAL__sub_I_drivetrain.cpp
                0x0380ac58      0x108 build/src/subsystems/drivetrain.o
 .text._Z16findClosestPointv
                0x0380ad60      0x254 build/src/subsystems/pure-pursuit.o
                0x0380ad60                findClosestPoint()
 .text._Z16calcIntersectionP6VectorS0_f
                0x0380afb4       0xe4 build/src/subsystems/pure-pursuit.o
                0x0380afb4                calcIntersection(Vector*, Vector*, float)
 .text._Z15calcFractionalTP4PathP5Pointdd
                0x0380b098      0x174 build/src/subsystems/pure-pursuit.o
                0x0380b098                calcFractionalT(Path*, Point*, double, double)
 *fill*         0x0380b20c        0x4 
 .text._ZN6VectorC2EP5PointS1_
                0x0380b210      0x294 build/src/subsystems/pure-pursuit.o
                0x0380b210                Vector::Vector(Point*, Point*)
 .text._Z18findLookaheadPointv
                0x0380b4a4       0x70 build/src/subsystems/pure-pursuit.o
                0x0380b4a4                findLookaheadPoint()
 *fill*         0x0380b514        0x4 
 .text._Z13findCurvaturev
                0x0380b518      0x19c build/src/subsystems/pure-pursuit.o
                0x0380b518                findCurvature()
 *fill*         0x0380b6b4        0x4 
 .text._Z7RunPurev
                0x0380b6b8      0x2c8 build/src/subsystems/pure-pursuit.o
                0x0380b6b8                RunPure()
 .text._Z10FollowPathP4Pathff
                0x0380b980      0x16c build/src/subsystems/pure-pursuit.o
                0x0380b980                FollowPath(Path*, float, float)
 .text._GLOBAL__sub_I_pure_pursuit.cpp
                0x0380baec      0x288 build/src/subsystems/pure-pursuit.o
 .text._Z16SetFlyWheelPowerf
                0x0380bd74       0x10 build/src/subsystems/flywheel.o
                0x0380bd74                SetFlyWheelPower(float)
 .text._Z16FlyWheelIncreasev
                0x0380bd84       0x18 build/src/subsystems/flywheel.o
                0x0380bd84                FlyWheelIncrease()
 .text._Z16FlyWheelDecreasev
                0x0380bd9c       0x18 build/src/subsystems/flywheel.o
                0x0380bd9c                FlyWheelDecrease()
 .text._Z12FlyWheelSwapv
                0x0380bdb4       0x18 build/src/subsystems/flywheel.o
                0x0380bdb4                FlyWheelSwap()
 .text._Z14FlyWheelThreadv
                0x0380bdcc       0xd8 build/src/subsystems/flywheel.o
                0x0380bdcc                FlyWheelThread()
 .text._Z10IntakeSwapv
                0x0380bea4       0x28 build/src/subsystems/intake.o
                0x0380bea4                IntakeSwap()
 .text._Z11ShooterSwapv
                0x0380becc       0x28 build/src/subsystems/intake.o
                0x0380becc                ShooterSwap()
 .text._Z7StopAllv
                0x0380bef4       0x20 build/src/subsystems/intake.o
                0x0380bef4                StopAll()
 .text._Z12IntakeThreadv
                0x0380bf14       0xa8 build/src/subsystems/intake.o
                0x0380bf14                IntakeThread()
 .text._GLOBAL__sub_I_chassis_info.cpp
                0x0380bfbc      0x13c build/src/subsystems/chassis-info.o
 .text.vexMain  0x0380c0f8       0xb0 C:\Program Files (x86)\VEX Robotics\VEXcode Pro V5\sdk/vexv5\libv5rt.a(v5_startup.c.obj)
                0x0380c0f8                vexMain
 .text.__vex_function_prolog
                0x0380c1a8       0x18 C:\Program Files (x86)\VEX Robotics\VEXcode Pro V5\sdk/vexv5\libv5rt.a(v5_startup.c.obj)
                0x0380c1a8                __vex_function_prolog
 .text._init    0x0380c1c0        0x4 C:\Program Files (x86)\VEX Robotics\VEXcode Pro V5\sdk/vexv5\libv5rt.a(v5_startup.c.obj)
                0x0380c1c0                _init
 .text._fini    0x0380c1c4        0x4 C:\Program Files (x86)\VEX Robotics\VEXcode Pro V5\sdk/vexv5\libv5rt.a(v5_startup.c.obj)
                0x0380c1c4                _fini
 .text.vexStdlibVersionLinked
                0x0380c1c8        0xc C:\Program Files (x86)\VEX Robotics\VEXcode Pro V5\sdk/vexv5\libv5rt.a(v5_util.c.obj)
                0x0380c1c8                vexStdlibVersionLinked
 .text.vexStdlibVersionVerify
                0x0380c1d4       0x30 C:\Program Files (x86)\VEX Robotics\VEXcode Pro V5\sdk/vexv5\libv5rt.a(v5_util.c.obj)
                0x0380c1d4                vexStdlibVersionVerify
 .text.vexPrivateApiEnable
                0x0380c204       0x10 C:\Program Files (x86)\VEX Robotics\VEXcode Pro V5\sdk/vexv5\libv5rt.a(v5_apijump.c.obj)
                0x0380c204                vexPrivateApiEnable
 .text.vexStdlibMismatchError
                0x0380c214       0x3c C:\Program Files (x86)\VEX Robotics\VEXcode Pro V5\sdk/vexv5\libv5rt.a(v5_apijump.c.obj)
                0x0380c214                vexStdlibMismatchError
 .text.vexTaskAdd
                0x0380c250       0x10 C:\Program Files (x86)\VEX Robotics\VEXcode Pro V5\sdk/vexv5\libv5rt.a(v5_apijump.c.obj)
                0x0380c250                vexTaskAdd
 .text.vexTasksRun
                0x0380c260       0x10 C:\Program Files (x86)\VEX Robotics\VEXcode Pro V5\sdk/vexv5\libv5rt.a(v5_apijump.c.obj)
                0x0380c260                vexTasksRun
 .text.vexTaskYield
                0x0380c270       0x10 C:\Program Files (x86)\VEX Robotics\VEXcode Pro V5\sdk/vexv5\libv5rt.a(v5_apijump.c.obj)
                0x0380c270                vexTaskYield
 .text.vexTaskCheckTimeslice
                0x0380c280       0x10 C:\Program Files (x86)\VEX Robotics\VEXcode Pro V5\sdk/vexv5\libv5rt.a(v5_apijump.c.obj)
                0x0380c280                vexTaskCheckTimeslice
 .text.vexTaskSleep
                0x0380c290       0x10 C:\Program Files (x86)\VEX Robotics\VEXcode Pro V5\sdk/vexv5\libv5rt.a(v5_apijump.c.obj)
                0x0380c290                vexTaskSleep
 .text.vexTasksDump
                0x0380c2a0       0x1c C:\Program Files (x86)\VEX Robotics\VEXcode Pro V5\sdk/vexv5\libv5rt.a(v5_apijump.c.obj)
                0x0380c2a0                vexTasksDump
 .text.vexTaskGetTaskIndex
                0x0380c2bc       0x10 C:\Program Files (x86)\VEX Robotics\VEXcode Pro V5\sdk/vexv5\libv5rt.a(v5_apijump.c.obj)
                0x0380c2bc                vexTaskGetTaskIndex
 .text.vexTaskStopAll
                0x0380c2cc       0x10 C:\Program Files (x86)\VEX Robotics\VEXcode Pro V5\sdk/vexv5\libv5rt.a(v5_apijump.c.obj)
                0x0380c2cc                vexTaskStopAll
 .text.vexTaskRemoveAllUser
                0x0380c2dc       0x34 C:\Program Files (x86)\VEX Robotics\VEXcode Pro V5\sdk/vexv5\libv5rt.a(v5_apijump.c.obj)
                0x0380c2dc                vexTaskRemoveAllUser
 .text.vexTaskCompletionIdSet
                0x0380c310       0x10 C:\Program Files (x86)\VEX Robotics\VEXcode Pro V5\sdk/vexv5\libv5rt.a(v5_apijump.c.obj)
                0x0380c310                vexTaskCompletionIdSet
 .text.vexTaskStopWithId
                0x0380c320       0x10 C:\Program Files (x86)\VEX Robotics\VEXcode Pro V5\sdk/vexv5\libv5rt.a(v5_apijump.c.obj)
                0x0380c320                vexTaskStopWithId
 .text.vexEventAdd
                0x0380c330       0x34 C:\Program Files (x86)\VEX Robotics\VEXcode Pro V5\sdk/vexv5\libv5rt.a(v5_apijump.c.obj)
                0x0380c330                vexEventAdd
 .text.vexEventUserIndexGet
                0x0380c364       0x1c C:\Program Files (x86)\VEX Robotics\VEXcode Pro V5\sdk/vexv5\libv5rt.a(v5_apijump.c.obj)
                0x0380c364                vexEventUserIndexGet
 .text.vexEventAddWithArg
                0x0380c380       0x3c C:\Program Files (x86)\VEX Robotics\VEXcode Pro V5\sdk/vexv5\libv5rt.a(v5_apijump.c.obj)
                0x0380c380                vexEventAddWithArg
 .text.vexEventsCleanup
                0x0380c3bc       0x2c C:\Program Files (x86)\VEX Robotics\VEXcode Pro V5\sdk/vexv5\libv5rt.a(v5_apijump.c.obj)
                0x0380c3bc                vexEventsCleanup
 .text.vexDebug
                0x0380c3e8       0x38 C:\Program Files (x86)\VEX Robotics\VEXcode Pro V5\sdk/vexv5\libv5rt.a(v5_apijump.c.obj)
                0x0380c3e8                vexDebug
 .text.vex_sprintf
                0x0380c420       0x40 C:\Program Files (x86)\VEX Robotics\VEXcode Pro V5\sdk/vexv5\libv5rt.a(v5_apijump.c.obj)
                0x0380c420                vex_sprintf
 .text.vex_vsnprintf
                0x0380c460       0x3c C:\Program Files (x86)\VEX Robotics\VEXcode Pro V5\sdk/vexv5\libv5rt.a(v5_apijump.c.obj)
                0x0380c460                vex_vsnprintf
 .text.vexSystemTimeGet
                0x0380c49c       0x1c C:\Program Files (x86)\VEX Robotics\VEXcode Pro V5\sdk/vexv5\libv5rt.a(v5_apijump.c.obj)
                0x0380c49c                vexSystemTimeGet
 .text.vexSystemExitRequest
                0x0380c4b8       0x1c C:\Program Files (x86)\VEX Robotics\VEXcode Pro V5\sdk/vexv5\libv5rt.a(v5_apijump.c.obj)
                0x0380c4b8                vexSystemExitRequest
 .text.vexDeviceGetByIndex
                0x0380c4d4       0x24 C:\Program Files (x86)\VEX Robotics\VEXcode Pro V5\sdk/vexv5\libv5rt.a(v5_apijump.c.obj)
                0x0380c4d4                vexDeviceGetByIndex
 .text.vexControllerGet
                0x0380c4f8       0x2c C:\Program Files (x86)\VEX Robotics\VEXcode Pro V5\sdk/vexv5\libv5rt.a(v5_apijump.c.obj)
                0x0380c4f8                vexControllerGet
 .text.vexDeviceAdiPortConfigSet
                0x0380c524       0x34 C:\Program Files (x86)\VEX Robotics\VEXcode Pro V5\sdk/vexv5\libv5rt.a(v5_apijump.c.obj)
                0x0380c524                vexDeviceAdiPortConfigSet
 .text.vexDeviceAdiPortConfigGet
                0x0380c558       0x2c C:\Program Files (x86)\VEX Robotics\VEXcode Pro V5\sdk/vexv5\libv5rt.a(v5_apijump.c.obj)
                0x0380c558                vexDeviceAdiPortConfigGet
 .text.vexDeviceAdiValueSet
                0x0380c584       0x34 C:\Program Files (x86)\VEX Robotics\VEXcode Pro V5\sdk/vexv5\libv5rt.a(v5_apijump.c.obj)
                0x0380c584                vexDeviceAdiValueSet
 .text.vexDeviceAdiValueGet
                0x0380c5b8       0x2c C:\Program Files (x86)\VEX Robotics\VEXcode Pro V5\sdk/vexv5\libv5rt.a(v5_apijump.c.obj)
                0x0380c5b8                vexDeviceAdiValueGet
 .text.vexDeviceMotorVoltageSet
                0x0380c5e4       0x2c C:\Program Files (x86)\VEX Robotics\VEXcode Pro V5\sdk/vexv5\libv5rt.a(v5_apijump.c.obj)
                0x0380c5e4                vexDeviceMotorVoltageSet
 .text.vexDeviceMotorActualVelocityGet
                0x0380c610       0x24 C:\Program Files (x86)\VEX Robotics\VEXcode Pro V5\sdk/vexv5\libv5rt.a(v5_apijump.c.obj)
                0x0380c610                vexDeviceMotorActualVelocityGet
 .text.vexDeviceMotorReverseFlagSet
                0x0380c634       0x2c C:\Program Files (x86)\VEX Robotics\VEXcode Pro V5\sdk/vexv5\libv5rt.a(v5_apijump.c.obj)
                0x0380c634                vexDeviceMotorReverseFlagSet
 .text.vexDeviceMotorBrakeModeSet
                0x0380c660       0x2c C:\Program Files (x86)\VEX Robotics\VEXcode Pro V5\sdk/vexv5\libv5rt.a(v5_apijump.c.obj)
                0x0380c660                vexDeviceMotorBrakeModeSet
 .text.vexDeviceMotorPositionSet
                0x0380c68c       0x34 C:\Program Files (x86)\VEX Robotics\VEXcode Pro V5\sdk/vexv5\libv5rt.a(v5_apijump.c.obj)
                0x0380c68c                vexDeviceMotorPositionSet
 .text.vexDeviceMotorGearingSet
                0x0380c6c0       0x2c C:\Program Files (x86)\VEX Robotics\VEXcode Pro V5\sdk/vexv5\libv5rt.a(v5_apijump.c.obj)
                0x0380c6c0                vexDeviceMotorGearingSet
 .text.vexDeviceMotorGearingGet
                0x0380c6ec       0x24 C:\Program Files (x86)\VEX Robotics\VEXcode Pro V5\sdk/vexv5\libv5rt.a(v5_apijump.c.obj)
                0x0380c6ec                vexDeviceMotorGearingGet
 .text.vexDeviceImuReset
                0x0380c710       0x24 C:\Program Files (x86)\VEX Robotics\VEXcode Pro V5\sdk/vexv5\libv5rt.a(v5_apijump.c.obj)
                0x0380c710                vexDeviceImuReset
 .text.vexDeviceImuHeadingGet
                0x0380c734       0x24 C:\Program Files (x86)\VEX Robotics\VEXcode Pro V5\sdk/vexv5\libv5rt.a(v5_apijump.c.obj)
                0x0380c734                vexDeviceImuHeadingGet
 .text.vexDeviceImuDegreesGet
                0x0380c758       0x24 C:\Program Files (x86)\VEX Robotics\VEXcode Pro V5\sdk/vexv5\libv5rt.a(v5_apijump.c.obj)
                0x0380c758                vexDeviceImuDegreesGet
 .text.vexDeviceImuStatusGet
                0x0380c77c       0x24 C:\Program Files (x86)\VEX Robotics\VEXcode Pro V5\sdk/vexv5\libv5rt.a(v5_apijump.c.obj)
                0x0380c77c                vexDeviceImuStatusGet
 .text.vexDisplayForegroundColor
                0x0380c7a0       0x24 C:\Program Files (x86)\VEX Robotics\VEXcode Pro V5\sdk/vexv5\libv5rt.a(v5_apijump.c.obj)
                0x0380c7a0                vexDisplayForegroundColor
 .text.vexDisplayBackgroundColor
                0x0380c7c4       0x24 C:\Program Files (x86)\VEX Robotics\VEXcode Pro V5\sdk/vexv5\libv5rt.a(v5_apijump.c.obj)
                0x0380c7c4                vexDisplayBackgroundColor
 .text.vexDisplayBackgroundColorGet
                0x0380c7e8       0x1c C:\Program Files (x86)\VEX Robotics\VEXcode Pro V5\sdk/vexv5\libv5rt.a(v5_apijump.c.obj)
                0x0380c7e8                vexDisplayBackgroundColorGet
 .text.vexDisplayRectClear
                0x0380c804       0x4c C:\Program Files (x86)\VEX Robotics\VEXcode Pro V5\sdk/vexv5\libv5rt.a(v5_apijump.c.obj)
                0x0380c804                vexDisplayRectClear
 .text.vexDisplayVPrintf
                0x0380c850       0x50 C:\Program Files (x86)\VEX Robotics\VEXcode Pro V5\sdk/vexv5\libv5rt.a(v5_apijump.c.obj)
                0x0380c850                vexDisplayVPrintf
 .text.vexDisplayTextReference
                0x0380c8a0       0x24 C:\Program Files (x86)\VEX Robotics\VEXcode Pro V5\sdk/vexv5\libv5rt.a(v5_apijump.c.obj)
                0x0380c8a0                vexDisplayTextReference
 .text.vexDisplayTextSize
                0x0380c8c4       0x2c C:\Program Files (x86)\VEX Robotics\VEXcode Pro V5\sdk/vexv5\libv5rt.a(v5_apijump.c.obj)
                0x0380c8c4                vexDisplayTextSize
 .text.vexDisplayFontNamedSet
                0x0380c8f0       0x24 C:\Program Files (x86)\VEX Robotics\VEXcode Pro V5\sdk/vexv5\libv5rt.a(v5_apijump.c.obj)
                0x0380c8f0                vexDisplayFontNamedSet
 .text.vexDisplayStringWidthGet
                0x0380c914       0x24 C:\Program Files (x86)\VEX Robotics\VEXcode Pro V5\sdk/vexv5\libv5rt.a(v5_apijump.c.obj)
                0x0380c914                vexDisplayStringWidthGet
 .text.vexSystemStdlibImpureDataAddr
                0x0380c938       0x28 C:\Program Files (x86)\VEX Robotics\VEXcode Pro V5\sdk/vexv5\libv5rt.a(v5_apijump.c.obj)
                0x0380c938                vexSystemStdlibImpureDataAddr
 .text.vexSystemStdlibImpureDataSize
                0x0380c960       0x28 C:\Program Files (x86)\VEX Robotics\VEXcode Pro V5\sdk/vexv5\libv5rt.a(v5_apijump.c.obj)
                0x0380c960                vexSystemStdlibImpureDataSize
 .text.vexSystemSaveUserData
                0x0380c988       0x3c C:\Program Files (x86)\VEX Robotics\VEXcode Pro V5\sdk/vexv5\libv5rt.a(v5_apijump.c.obj)
                0x0380c988                vexSystemSaveUserData
 .text.vexDisplayThemeIdGet
                0x0380c9c4       0x38 C:\Program Files (x86)\VEX Robotics\VEXcode Pro V5\sdk/vexv5\libv5rt.a(v5_apijump.c.obj)
                0x0380c9c4                vexDisplayThemeIdGet
 .text.vexDeviceEventMaskSet
                0x0380c9fc       0x48 C:\Program Files (x86)\VEX Robotics\VEXcode Pro V5\sdk/vexv5\libv5rt.a(v5_apijump.c.obj)
                0x0380c9fc                vexDeviceEventMaskSet
 .text.vexDeviceEventMaskGet
                0x0380ca44       0x3c C:\Program Files (x86)\VEX Robotics\VEXcode Pro V5\sdk/vexv5\libv5rt.a(v5_apijump.c.obj)
                0x0380ca44                vexDeviceEventMaskGet
 .text.vexSystemVersion
                0x0380ca80       0x10 C:\Program Files (x86)\VEX Robotics\VEXcode Pro V5\sdk/vexv5\libv5rt.a(v5_apiversions.c.obj)
                0x0380ca80                vexSystemVersion
 .text.vexStdlibVersion
                0x0380ca90       0x10 C:\Program Files (x86)\VEX Robotics\VEXcode Pro V5\sdk/vexv5\libv5rt.a(v5_apiversions.c.obj)
                0x0380ca90                vexStdlibVersion
 .text._ZN3vex4waitEdNS_9timeUnitsE
                0x0380caa0       0x30 C:\Program Files (x86)\VEX Robotics\VEXcode Pro V5\sdk/vexv5\libv5rt.a(vex_global.cpp.obj)
                0x0380caa0                vex::wait(double, vex::timeUnits)
 .text._ZN3vex5motorD2Ev
                0x0380cad0       0x20 C:\Program Files (x86)\VEX Robotics\VEXcode Pro V5\sdk/vexv5\libv5rt.a(vex_motor.cpp.obj)
                0x0380cad0                vex::motor::~motor()
                0x0380cad0                vex::motor::~motor()
 .text._ZN3vex5motorD0Ev
                0x0380caf0       0x1c C:\Program Files (x86)\VEX Robotics\VEXcode Pro V5\sdk/vexv5\libv5rt.a(vex_motor.cpp.obj)
                0x0380caf0                vex::motor::~motor()
 .text._ZN3vex5motor9installedEv
                0x0380cb0c       0x18 C:\Program Files (x86)\VEX Robotics\VEXcode Pro V5\sdk/vexv5\libv5rt.a(vex_motor.cpp.obj)
                0x0380cb0c                vex::motor::installed()
 .text._ZN3vex5motor15defaultStoppingENS_9brakeTypeE
                0x0380cb24       0x30 C:\Program Files (x86)\VEX Robotics\VEXcode Pro V5\sdk/vexv5\libv5rt.a(vex_motor.cpp.obj)
                0x0380cb24                vex::motor::defaultStopping(vex::brakeType)
 .text._ZN3vex5motor11setStoppingENS_9brakeTypeE
                0x0380cb54        0x4 C:\Program Files (x86)\VEX Robotics\VEXcode Pro V5\sdk/vexv5\libv5rt.a(vex_motor.cpp.obj)
                0x0380cb54                vex::motor::setStopping(vex::brakeType)
 .text._ZN3vex5motorC2El
                0x0380cb58       0x78 C:\Program Files (x86)\VEX Robotics\VEXcode Pro V5\sdk/vexv5\libv5rt.a(vex_motor.cpp.obj)
                0x0380cb58                vex::motor::motor(long)
                0x0380cb58                vex::motor::motor(long)
 .text._ZN3vex5motorC2ElNS_11gearSettingEb
                0x0380cbd0       0x34 C:\Program Files (x86)\VEX Robotics\VEXcode Pro V5\sdk/vexv5\libv5rt.a(vex_motor.cpp.obj)
                0x0380cbd0                vex::motor::motor(long, vex::gearSetting, bool)
                0x0380cbd0                vex::motor::motor(long, vex::gearSetting, bool)
 *fill*         0x0380cc04        0x4 
 .text._ZN3vex5motor4spinENS_13directionTypeEdNS_12voltageUnitsE
                0x0380cc08       0x50 C:\Program Files (x86)\VEX Robotics\VEXcode Pro V5\sdk/vexv5\libv5rt.a(vex_motor.cpp.obj)
                0x0380cc08                vex::motor::spin(vex::directionType, double, vex::voltageUnits)
 .text._ZN3vex5motor16velocityToScaledEdNS_13velocityUnitsE
                0x0380cc58       0x5c C:\Program Files (x86)\VEX Robotics\VEXcode Pro V5\sdk/vexv5\libv5rt.a(vex_motor.cpp.obj)
                0x0380cc58                vex::motor::velocityToScaled(double, vex::velocityUnits)
 .text._ZN3vex5motor8velocityENS_13velocityUnitsE
                0x0380ccb4       0x30 C:\Program Files (x86)\VEX Robotics\VEXcode Pro V5\sdk/vexv5\libv5rt.a(vex_motor.cpp.obj)
                0x0380ccb4                vex::motor::velocity(vex::velocityUnits)
 .text._ZN3vex5motor5valueEv
                0x0380cce4       0x1c C:\Program Files (x86)\VEX Robotics\VEXcode Pro V5\sdk/vexv5\libv5rt.a(vex_motor.cpp.obj)
                0x0380cce4                vex::motor::value()
 .text._ZN3vex8inertial11getTurnTypeEv
                0x0380cd00        0x8 C:\Program Files (x86)\VEX Robotics\VEXcode Pro V5\sdk/vexv5\libv5rt.a(vex_imu.cpp.obj)
                0x0380cd00                vex::inertial::getTurnType()
 .text._ZThn16_N3vex8inertial11getTurnTypeEv
                0x0380cd08        0x8 C:\Program Files (x86)\VEX Robotics\VEXcode Pro V5\sdk/vexv5\libv5rt.a(vex_imu.cpp.obj)
                0x0380cd08                non-virtual thunk to vex::inertial::getTurnType()
 .text._ZN3vex8inertial10setHeadingEdNS_13rotationUnitsE
                0x0380cd10       0x58 C:\Program Files (x86)\VEX Robotics\VEXcode Pro V5\sdk/vexv5\libv5rt.a(vex_imu.cpp.obj)
                0x0380cd10                vex::inertial::setHeading(double, vex::rotationUnits)
 .text._ZThn16_N3vex8inertial10setHeadingEdNS_13rotationUnitsE
                0x0380cd68        0x8 C:\Program Files (x86)\VEX Robotics\VEXcode Pro V5\sdk/vexv5\libv5rt.a(vex_imu.cpp.obj)
                0x0380cd68                non-virtual thunk to vex::inertial::setHeading(double, vex::rotationUnits)
 .text._ZN3vex8inertial11setRotationEdNS_13rotationUnitsE
                0x0380cd70       0x58 C:\Program Files (x86)\VEX Robotics\VEXcode Pro V5\sdk/vexv5\libv5rt.a(vex_imu.cpp.obj)
                0x0380cd70                vex::inertial::setRotation(double, vex::rotationUnits)
 .text._ZThn16_N3vex8inertial11setRotationEdNS_13rotationUnitsE
                0x0380cdc8        0x8 C:\Program Files (x86)\VEX Robotics\VEXcode Pro V5\sdk/vexv5\libv5rt.a(vex_imu.cpp.obj)
                0x0380cdc8                non-virtual thunk to vex::inertial::setRotation(double, vex::rotationUnits)
 .text._ZN3vex8inertialD2Ev
                0x0380cdd0       0x20 C:\Program Files (x86)\VEX Robotics\VEXcode Pro V5\sdk/vexv5\libv5rt.a(vex_imu.cpp.obj)
                0x0380cdd0                vex::inertial::~inertial()
                0x0380cdd0                vex::inertial::~inertial()
 .text._ZThn16_N3vex8inertialD1Ev
                0x0380cdf0        0x8 C:\Program Files (x86)\VEX Robotics\VEXcode Pro V5\sdk/vexv5\libv5rt.a(vex_imu.cpp.obj)
                0x0380cdf0                non-virtual thunk to vex::inertial::~inertial()
 .text._ZN3vex8inertialD0Ev
                0x0380cdf8       0x1c C:\Program Files (x86)\VEX Robotics\VEXcode Pro V5\sdk/vexv5\libv5rt.a(vex_imu.cpp.obj)
                0x0380cdf8                vex::inertial::~inertial()
 .text._ZThn16_N3vex8inertialD0Ev
                0x0380ce14        0x8 C:\Program Files (x86)\VEX Robotics\VEXcode Pro V5\sdk/vexv5\libv5rt.a(vex_imu.cpp.obj)
                0x0380ce14                non-virtual thunk to vex::inertial::~inertial()
 .text._ZN3vex8inertial9installedEv
                0x0380ce1c       0x18 C:\Program Files (x86)\VEX Robotics\VEXcode Pro V5\sdk/vexv5\libv5rt.a(vex_imu.cpp.obj)
                0x0380ce1c                vex::inertial::installed()
 .text._ZN3vex8inertial5angleENS_13rotationUnitsE
                0x0380ce34       0x6c C:\Program Files (x86)\VEX Robotics\VEXcode Pro V5\sdk/vexv5\libv5rt.a(vex_imu.cpp.obj)
                0x0380ce34                vex::inertial::angle(vex::rotationUnits)
 .text._ZThn16_N3vex8inertial5angleENS_13rotationUnitsE
                0x0380cea0        0x8 C:\Program Files (x86)\VEX Robotics\VEXcode Pro V5\sdk/vexv5\libv5rt.a(vex_imu.cpp.obj)
                0x0380cea0                non-virtual thunk to vex::inertial::angle(vex::rotationUnits)
 .text._ZN3vex8inertial7headingENS_13rotationUnitsE
                0x0380cea8        0x4 C:\Program Files (x86)\VEX Robotics\VEXcode Pro V5\sdk/vexv5\libv5rt.a(vex_imu.cpp.obj)
                0x0380cea8                vex::inertial::heading(vex::rotationUnits)
 .text._ZThn16_N3vex8inertial7headingENS_13rotationUnitsE
                0x0380ceac        0x8 C:\Program Files (x86)\VEX Robotics\VEXcode Pro V5\sdk/vexv5\libv5rt.a(vex_imu.cpp.obj)
                0x0380ceac                non-virtual thunk to vex::inertial::heading(vex::rotationUnits)
 .text._ZN3vex8inertial5valueEv
                0x0380ceb4       0x1c C:\Program Files (x86)\VEX Robotics\VEXcode Pro V5\sdk/vexv5\libv5rt.a(vex_imu.cpp.obj)
                0x0380ceb4                vex::inertial::value()
 .text._ZN3vex8inertial8rotationENS_13rotationUnitsE
                0x0380ced0       0x48 C:\Program Files (x86)\VEX Robotics\VEXcode Pro V5\sdk/vexv5\libv5rt.a(vex_imu.cpp.obj)
                0x0380ced0                vex::inertial::rotation(vex::rotationUnits)
 .text._ZThn16_N3vex8inertial8rotationENS_13rotationUnitsE
                0x0380cf18        0x8 C:\Program Files (x86)\VEX Robotics\VEXcode Pro V5\sdk/vexv5\libv5rt.a(vex_imu.cpp.obj)
                0x0380cf18                non-virtual thunk to vex::inertial::rotation(vex::rotationUnits)
 .text._ZN3vex8inertial13isCalibratingEv
                0x0380cf20       0x38 C:\Program Files (x86)\VEX Robotics\VEXcode Pro V5\sdk/vexv5\libv5rt.a(vex_imu.cpp.obj)
                0x0380cf20                vex::inertial::isCalibrating()
 .text._ZThn16_N3vex8inertial13isCalibratingEv
                0x0380cf58        0x8 C:\Program Files (x86)\VEX Robotics\VEXcode Pro V5\sdk/vexv5\libv5rt.a(vex_imu.cpp.obj)
                0x0380cf58                non-virtual thunk to vex::inertial::isCalibrating()
 .text._ZN3vex8inertialC2ElNS_8turnTypeE
                0x0380cf60       0x4c C:\Program Files (x86)\VEX Robotics\VEXcode Pro V5\sdk/vexv5\libv5rt.a(vex_imu.cpp.obj)
                0x0380cf60                vex::inertial::inertial(long, vex::turnType)
                0x0380cf60                vex::inertial::inertial(long, vex::turnType)
 .text._ZN3vex8inertial16startCalibrationEl
                0x0380cfac       0x20 C:\Program Files (x86)\VEX Robotics\VEXcode Pro V5\sdk/vexv5\libv5rt.a(vex_imu.cpp.obj)
                0x0380cfac                vex::inertial::startCalibration(long)
 .text._ZN3vex8inertial9calibrateEl
                0x0380cfcc        0xc C:\Program Files (x86)\VEX Robotics\VEXcode Pro V5\sdk/vexv5\libv5rt.a(vex_imu.cpp.obj)
                0x0380cfcc                vex::inertial::calibrate(long)
                0x0380cfd0                non-virtual thunk to vex::inertial::calibrate(long)
 .text._ZN3vex10controllerD2Ev
                0x0380cfd8        0x4 C:\Program Files (x86)\VEX Robotics\VEXcode Pro V5\sdk/vexv5\libv5rt.a(vex_controller.cpp.obj)
                0x0380cfd8                vex::controller::~controller()
                0x0380cfd8                vex::controller::~controller()
 .text._ZN3vex10controller5valueE19_V5_ControllerIndex
                0x0380cfdc        0x8 C:\Program Files (x86)\VEX Robotics\VEXcode Pro V5\sdk/vexv5\libv5rt.a(vex_controller.cpp.obj)
                0x0380cfdc                vex::controller::value(_V5_ControllerIndex)
 .text._ZNK3vex10controller6button7pressedEPFvvE
                0x0380cfe4      0x108 C:\Program Files (x86)\VEX Robotics\VEXcode Pro V5\sdk/vexv5\libv5rt.a(vex_controller.cpp.obj)
                0x0380cfe4                vex::controller::button::pressed(void (*)()) const
 .text._ZNK3vex10controller6button21_buttonToPressedEventEv
                0x0380d0ec       0x20 C:\Program Files (x86)\VEX Robotics\VEXcode Pro V5\sdk/vexv5\libv5rt.a(vex_controller.cpp.obj)
                0x0380d0ec                vex::controller::button::_buttonToPressedEvent() const
 .text._ZNK3vex10controller6button22_buttonToReleasedEventEv
                0x0380d10c       0x20 C:\Program Files (x86)\VEX Robotics\VEXcode Pro V5\sdk/vexv5\libv5rt.a(vex_controller.cpp.obj)
                0x0380d10c                vex::controller::button::_buttonToReleasedEvent() const
 .text._ZN3vex10controller6buttonC2ENS0_11tButtonTypeEPS0_
                0x0380d12c       0x48 C:\Program Files (x86)\VEX Robotics\VEXcode Pro V5\sdk/vexv5\libv5rt.a(vex_controller.cpp.obj)
                0x0380d12c                vex::controller::button::button(vex::controller::tButtonType, vex::controller*)
                0x0380d12c                vex::controller::button::button(vex::controller::tButtonType, vex::controller*)
 .text._ZNK3vex10controller4axis5valueEv
                0x0380d174       0x58 C:\Program Files (x86)\VEX Robotics\VEXcode Pro V5\sdk/vexv5\libv5rt.a(vex_controller.cpp.obj)
                0x0380d174                vex::controller::axis::value() const
 .text._ZNK3vex10controller4axis8positionENS_12percentUnitsE
                0x0380d1cc       0x1c C:\Program Files (x86)\VEX Robotics\VEXcode Pro V5\sdk/vexv5\libv5rt.a(vex_controller.cpp.obj)
                0x0380d1cc                vex::controller::axis::position(vex::percentUnits) const
 .text._ZNK3vex10controller4axis23_joystickToChangedEventEv
                0x0380d1e8       0x20 C:\Program Files (x86)\VEX Robotics\VEXcode Pro V5\sdk/vexv5\libv5rt.a(vex_controller.cpp.obj)
                0x0380d1e8                vex::controller::axis::_joystickToChangedEvent() const
 .text._ZN3vex10controller4axisC2ENS0_9tAxisTypeEPS0_
                0x0380d208       0x2c C:\Program Files (x86)\VEX Robotics\VEXcode Pro V5\sdk/vexv5\libv5rt.a(vex_controller.cpp.obj)
                0x0380d208                vex::controller::axis::axis(vex::controller::tAxisType, vex::controller*)
                0x0380d208                vex::controller::axis::axis(vex::controller::tAxisType, vex::controller*)
 .text._ZN3vex10controllerC2ENS_14controllerTypeE
                0x0380d234      0x16c C:\Program Files (x86)\VEX Robotics\VEXcode Pro V5\sdk/vexv5\libv5rt.a(vex_controller.cpp.obj)
                0x0380d234                vex::controller::controller(vex::controllerType)
                0x0380d234                vex::controller::controller(vex::controllerType)
 .text._ZN3vex4taskC2EPFivE
                0x0380d3a0       0x5c C:\Program Files (x86)\VEX Robotics\VEXcode Pro V5\sdk/vexv5\libv5rt.a(vex_task.cpp.obj)
                0x0380d3a0                vex::task::task(int (*)())
                0x0380d3a0                vex::task::task(int (*)())
 .text._ZN3vex4taskD2Ev
                0x0380d3fc        0x4 C:\Program Files (x86)\VEX Robotics\VEXcode Pro V5\sdk/vexv5\libv5rt.a(vex_task.cpp.obj)
                0x0380d3fc                vex::task::~task()
                0x0380d3fc                vex::task::~task()
 .text._ZN3vex4task4stopERKS0_
                0x0380d400       0x18 C:\Program Files (x86)\VEX Robotics\VEXcode Pro V5\sdk/vexv5\libv5rt.a(vex_task.cpp.obj)
                0x0380d400                vex::task::stop(vex::task const&)
 .text._ZN3vex4task4stopEPvi
                0x0380d418       0x1c C:\Program Files (x86)\VEX Robotics\VEXcode Pro V5\sdk/vexv5\libv5rt.a(vex_task.cpp.obj)
                0x0380d418                vex::task::stop(void*, int)
 .text._ZN3vex4task5sleepEm
                0x0380d434        0x4 C:\Program Files (x86)\VEX Robotics\VEXcode Pro V5\sdk/vexv5\libv5rt.a(vex_task.cpp.obj)
                0x0380d434                vex::task::sleep(unsigned long)
 .text._ZN3vex4task6_indexEPFivE
                0x0380d438       0x14 C:\Program Files (x86)\VEX Robotics\VEXcode Pro V5\sdk/vexv5\libv5rt.a(vex_task.cpp.obj)
                0x0380d438                vex::task::_index(int (*)())
 .text._ZN3vex4task8_stopAllEv
                0x0380d44c       0x3c C:\Program Files (x86)\VEX Robotics\VEXcode Pro V5\sdk/vexv5\libv5rt.a(vex_task.cpp.obj)
                0x0380d44c                vex::task::_stopAll()
 .text._ZN3vex11this_thread9sleep_forEm
                0x0380d488        0x4 C:\Program Files (x86)\VEX Robotics\VEXcode Pro V5\sdk/vexv5\libv5rt.a(vex_thread.cpp.obj)
                0x0380d488                vex::this_thread::sleep_for(unsigned long)
 .text._ZN3vex5event4initEmmPFvvE
                0x0380d48c        0x4 C:\Program Files (x86)\VEX Robotics\VEXcode Pro V5\sdk/vexv5\libv5rt.a(vex_event.cpp.obj)
                0x0380d48c                vex::event::init(unsigned long, unsigned long, void (*)())
 .text._ZN3vex5event4initEmmPFvPvES1_
                0x0380d490        0x4 C:\Program Files (x86)\VEX Robotics\VEXcode Pro V5\sdk/vexv5\libv5rt.a(vex_event.cpp.obj)
                0x0380d490                vex::event::init(unsigned long, unsigned long, void (*)(void*), void*)
 .text._ZN3vex5event9userindexEv
                0x0380d494        0x4 C:\Program Files (x86)\VEX Robotics\VEXcode Pro V5\sdk/vexv5\libv5rt.a(vex_event.cpp.obj)
                0x0380d494                vex::event::userindex()
 .text._ZZN3vex6meventC4EmmENUlvE_4_FUNEv
                0x0380d498        0x4 C:\Program Files (x86)\VEX Robotics\VEXcode Pro V5\sdk/vexv5\libv5rt.a(vex_mevent.cpp.obj)
 .text._ZN3vex6meventC2Emm
                0x0380d49c       0x70 C:\Program Files (x86)\VEX Robotics\VEXcode Pro V5\sdk/vexv5\libv5rt.a(vex_mevent.cpp.obj)
                0x0380d49c                vex::mevent::mevent(unsigned long, unsigned long)
                0x0380d49c                vex::mevent::mevent(unsigned long, unsigned long)
 .text._ZN3vex5brain9_getIndexEv
                0x0380d50c       0x10 C:\Program Files (x86)\VEX Robotics\VEXcode Pro V5\sdk/vexv5\libv5rt.a(vex_brain.cpp.obj)
                0x0380d50c                vex::brain::_getIndex()
 .text._ZN3vex5brain3lcd9setCursorEll
                0x0380d51c       0x44 C:\Program Files (x86)\VEX Robotics\VEXcode Pro V5\sdk/vexv5\libv5rt.a(vex_brain.cpp.obj)
                0x0380d51c                vex::brain::lcd::setCursor(long, long)
 .text._ZN3vex5brain3lcd7setFontENS_8fontTypeE
                0x0380d560      0x23c C:\Program Files (x86)\VEX Robotics\VEXcode Pro V5\sdk/vexv5\libv5rt.a(vex_brain.cpp.obj)
                0x0380d560                vex::brain::lcd::setFont(vex::fontType)
 .text._ZN3vex5brain3lcdC2Ev
                0x0380d79c       0x94 C:\Program Files (x86)\VEX Robotics\VEXcode Pro V5\sdk/vexv5\libv5rt.a(vex_brain.cpp.obj)
                0x0380d79c                vex::brain::lcd::lcd()
                0x0380d79c                vex::brain::lcd::lcd()
 .text._ZN3vex5brainC2Ev
                0x0380d830       0x3c C:\Program Files (x86)\VEX Robotics\VEXcode Pro V5\sdk/vexv5\libv5rt.a(vex_brain.cpp.obj)
                0x0380d830                vex::brain::brain()
                0x0380d830                vex::brain::brain()
 .text._ZN3vex5brain3lcd12_clearScreenEm
                0x0380d86c       0x38 C:\Program Files (x86)\VEX Robotics\VEXcode Pro V5\sdk/vexv5\libv5rt.a(vex_brain.cpp.obj)
                0x0380d86c                vex::brain::lcd::_clearScreen(unsigned long)
 .text._ZN3vex5brain3lcd11clearScreenERKNS_5colorE
                0x0380d8a4       0x20 C:\Program Files (x86)\VEX Robotics\VEXcode Pro V5\sdk/vexv5\libv5rt.a(vex_brain.cpp.obj)
                0x0380d8a4                vex::brain::lcd::clearScreen(vex::color const&)
 .text._ZN3vex5brain3lcd11clearScreenEv
                0x0380d8c4       0x2c C:\Program Files (x86)\VEX Robotics\VEXcode Pro V5\sdk/vexv5\libv5rt.a(vex_brain.cpp.obj)
                0x0380d8c4                vex::brain::lcd::clearScreen()
 .text._ZN3vex5brain3lcd7newLineEv
                0x0380d8f0       0x20 C:\Program Files (x86)\VEX Robotics\VEXcode Pro V5\sdk/vexv5\libv5rt.a(vex_brain.cpp.obj)
                0x0380d8f0                vex::brain::lcd::newLine()
 .text._ZN3vex5brain3lcd10rowToPixelEl
                0x0380d910       0x34 C:\Program Files (x86)\VEX Robotics\VEXcode Pro V5\sdk/vexv5\libv5rt.a(vex_brain.cpp.obj)
                0x0380d910                vex::brain::lcd::rowToPixel(long)
 .text._ZN3vex5brain3lcd5printEPKcz
                0x0380d944       0xb8 C:\Program Files (x86)\VEX Robotics\VEXcode Pro V5\sdk/vexv5\libv5rt.a(vex_brain.cpp.obj)
                0x0380d944                vex::brain::lcd::print(char const*, ...)
 .text._ZN3vex5brainD2Ev
                0x0380d9fc       0x20 C:\Program Files (x86)\VEX Robotics\VEXcode Pro V5\sdk/vexv5\libv5rt.a(vex_brain.cpp.obj)
                0x0380d9fc                vex::brain::~brain()
                0x0380d9fc                vex::brain::~brain()
 .text._ZN3vex11competition8_disableEPv
                0x0380da1c       0xa4 C:\Program Files (x86)\VEX Robotics\VEXcode Pro V5\sdk/vexv5\libv5rt.a(vex_competition.cpp.obj)
                0x0380da1c                vex::competition::_disable(void*)
 .text._ZN3vex11competition11_autonomousEv
                0x0380dac0       0x80 C:\Program Files (x86)\VEX Robotics\VEXcode Pro V5\sdk/vexv5\libv5rt.a(vex_competition.cpp.obj)
                0x0380dac0                vex::competition::_autonomous()
 .text._ZN3vex11competition14_drivercontrolEv
                0x0380db40       0x80 C:\Program Files (x86)\VEX Robotics\VEXcode Pro V5\sdk/vexv5\libv5rt.a(vex_competition.cpp.obj)
                0x0380db40                vex::competition::_drivercontrol()
 .text._ZN3vex11competitionC2Ev
                0x0380dbc0      0x13c C:\Program Files (x86)\VEX Robotics\VEXcode Pro V5\sdk/vexv5\libv5rt.a(vex_competition.cpp.obj)
                0x0380dbc0                vex::competition::competition()
                0x0380dbc0                vex::competition::competition()
 .text._ZN3vex11competitionD2Ev
                0x0380dcfc        0x4 C:\Program Files (x86)\VEX Robotics\VEXcode Pro V5\sdk/vexv5\libv5rt.a(vex_competition.cpp.obj)
                0x0380dcfc                vex::competition::~competition()
                0x0380dcfc                vex::competition::~competition()
 .text._ZN3vex11competition10autonomousEPFvvE
                0x0380dd00       0x44 C:\Program Files (x86)\VEX Robotics\VEXcode Pro V5\sdk/vexv5\libv5rt.a(vex_competition.cpp.obj)
                0x0380dd00                vex::competition::autonomous(void (*)())
 .text._ZN3vex11competition13drivercontrolEPFvvE
                0x0380dd44       0x44 C:\Program Files (x86)\VEX Robotics\VEXcode Pro V5\sdk/vexv5\libv5rt.a(vex_competition.cpp.obj)
                0x0380dd44                vex::competition::drivercontrol(void (*)())
 .text._ZN3vex7triportD2Ev
                0x0380dd88       0x38 C:\Program Files (x86)\VEX Robotics\VEXcode Pro V5\sdk/vexv5\libv5rt.a(vex_triport.cpp.obj)
                0x0380dd88                vex::triport::~triport()
                0x0380dd88                vex::triport::~triport()
 .text._ZN3vex7triportD0Ev
                0x0380ddc0       0x1c C:\Program Files (x86)\VEX Robotics\VEXcode Pro V5\sdk/vexv5\libv5rt.a(vex_triport.cpp.obj)
                0x0380ddc0                vex::triport::~triport()
 .text._ZN3vex7triport9installedEv
                0x0380dddc       0x18 C:\Program Files (x86)\VEX Robotics\VEXcode Pro V5\sdk/vexv5\libv5rt.a(vex_triport.cpp.obj)
                0x0380dddc                vex::triport::installed()
 .text._ZN3vex7triport4portC2ElPS0_
                0x0380ddf4       0x74 C:\Program Files (x86)\VEX Robotics\VEXcode Pro V5\sdk/vexv5\libv5rt.a(vex_triport.cpp.obj)
                0x0380ddf4                vex::triport::port::port(long, vex::triport*)
                0x0380ddf4                vex::triport::port::port(long, vex::triport*)
 .text._ZN3vex7triportC2El
                0x0380de68       0xf0 C:\Program Files (x86)\VEX Robotics\VEXcode Pro V5\sdk/vexv5\libv5rt.a(vex_triport.cpp.obj)
                0x0380de68                vex::triport::triport(long)
                0x0380de68                vex::triport::triport(long)
 .text._ZN3vex7triport4port4typeENS_11triportTypeE
                0x0380df58       0x30 C:\Program Files (x86)\VEX Robotics\VEXcode Pro V5\sdk/vexv5\libv5rt.a(vex_triport.cpp.obj)
                0x0380df58                vex::triport::port::type(vex::triportType)
 .text._ZN3vex7triport4port4typeEv
                0x0380df88       0x38 C:\Program Files (x86)\VEX Robotics\VEXcode Pro V5\sdk/vexv5\libv5rt.a(vex_triport.cpp.obj)
                0x0380df88                vex::triport::port::type()
 .text._ZN3vex7triport4port5valueEv
                0x0380dfc0       0x14 C:\Program Files (x86)\VEX Robotics\VEXcode Pro V5\sdk/vexv5\libv5rt.a(vex_triport.cpp.obj)
                0x0380dfc0                vex::triport::port::value()
 .text._ZN3vex7triport4port5valueEl
                0x0380dfd4       0x18 C:\Program Files (x86)\VEX Robotics\VEXcode Pro V5\sdk/vexv5\libv5rt.a(vex_triport.cpp.obj)
                0x0380dfd4                vex::triport::port::value(long)
 *fill*         0x0380dfec        0x4 
 .text._ZN3vex7triport4port8rotationENS_13rotationUnitsE
                0x0380dff0       0x40 C:\Program Files (x86)\VEX Robotics\VEXcode Pro V5\sdk/vexv5\libv5rt.a(vex_triport.cpp.obj)
                0x0380dff0                vex::triport::port::rotation(vex::rotationUnits)
 .text._ZN3vex11__trideviceC2ERNS_7triport4portENS_11triportTypeE
                0x0380e030       0x5c C:\Program Files (x86)\VEX Robotics\VEXcode Pro V5\sdk/vexv5\libv5rt.a(vex_triport.cpp.obj)
                0x0380e030                vex::__tridevice::__tridevice(vex::triport::port&, vex::triportType)
                0x0380e030                vex::__tridevice::__tridevice(vex::triport::port&, vex::triportType)
 .text._ZN3vex11digital_outC2ERNS_7triport4portE
                0x0380e08c       0x18 C:\Program Files (x86)\VEX Robotics\VEXcode Pro V5\sdk/vexv5\libv5rt.a(vex_triport.cpp.obj)
                0x0380e08c                vex::digital_out::digital_out(vex::triport::port&)
                0x0380e08c                vex::digital_out::digital_out(vex::triport::port&)
 .text._ZN3vex11digital_outD2Ev
                0x0380e0a4        0x4 C:\Program Files (x86)\VEX Robotics\VEXcode Pro V5\sdk/vexv5\libv5rt.a(vex_triport.cpp.obj)
                0x0380e0a4                vex::digital_out::~digital_out()
                0x0380e0a4                vex::digital_out::~digital_out()
 .text._ZN3vex11digital_out3setEb
                0x0380e0a8        0x8 C:\Program Files (x86)\VEX Robotics\VEXcode Pro V5\sdk/vexv5\libv5rt.a(vex_triport.cpp.obj)
                0x0380e0a8                vex::digital_out::set(bool)
 .text._ZN3vex7encoderC2ERNS_7triport4portE
                0x0380e0b0       0x20 C:\Program Files (x86)\VEX Robotics\VEXcode Pro V5\sdk/vexv5\libv5rt.a(vex_triport.cpp.obj)
                0x0380e0b0                vex::encoder::encoder(vex::triport::port&)
                0x0380e0b0                vex::encoder::encoder(vex::triport::port&)
 .text._ZN3vex7encoderD2Ev
                0x0380e0d0        0x4 C:\Program Files (x86)\VEX Robotics\VEXcode Pro V5\sdk/vexv5\libv5rt.a(vex_triport.cpp.obj)
                0x0380e0d0                vex::encoder::~encoder()
                0x0380e0d0                vex::encoder::~encoder()
 .text._ZN3vex7encoder8positionENS_13rotationUnitsE
                0x0380e0d4        0x8 C:\Program Files (x86)\VEX Robotics\VEXcode Pro V5\sdk/vexv5\libv5rt.a(vex_triport.cpp.obj)
                0x0380e0d4                vex::encoder::position(vex::rotationUnits)
 .text._ZN3vex5colorD2Ev
                0x0380e0dc        0x4 C:\Program Files (x86)\VEX Robotics\VEXcode Pro V5\sdk/vexv5\libv5rt.a(vex_color.cpp.obj)
                0x0380e0dc                vex::color::~color()
                0x0380e0dc                vex::color::~color()
 .text._ZNK3vex5colorcvmEv
                0x0380e0e0        0x8 C:\Program Files (x86)\VEX Robotics\VEXcode Pro V5\sdk/vexv5\libv5rt.a(vex_color.cpp.obj)
                0x0380e0e0                vex::color::operator unsigned long() const
 .text.startup._GLOBAL__sub_I__ZN3vex5color5blackE
                0x0380e0e8      0x164 C:\Program Files (x86)\VEX Robotics\VEXcode Pro V5\sdk/vexv5\libv5rt.a(vex_color.cpp.obj)
 .text._ZN3vex5timerD2Ev
                0x0380e24c        0x4 C:\Program Files (x86)\VEX Robotics\VEXcode Pro V5\sdk/vexv5\libv5rt.a(vex_timer.cpp.obj)
                0x0380e24c                vex::timer::~timer()
                0x0380e24c                vex::timer::~timer()
 .text._ZN3vex5timer5clearEv
                0x0380e250       0x1c C:\Program Files (x86)\VEX Robotics\VEXcode Pro V5\sdk/vexv5\libv5rt.a(vex_timer.cpp.obj)
                0x0380e250                vex::timer::clear()
 .text._ZN3vex5timerC2Ev
                0x0380e26c       0x14 C:\Program Files (x86)\VEX Robotics\VEXcode Pro V5\sdk/vexv5\libv5rt.a(vex_timer.cpp.obj)
                0x0380e26c                vex::timer::timer()
                0x0380e26c                vex::timer::timer()
 .text._ZN3vex5timer5resetEv
                0x0380e280        0x4 C:\Program Files (x86)\VEX Robotics\VEXcode Pro V5\sdk/vexv5\libv5rt.a(vex_timer.cpp.obj)
                0x0380e280                vex::timer::reset()
 *fill*         0x0380e284        0x4 
 .text._ZNK3vex5timer4timeENS_9timeUnitsE
                0x0380e288       0x40 C:\Program Files (x86)\VEX Robotics\VEXcode Pro V5\sdk/vexv5\libv5rt.a(vex_timer.cpp.obj)
                0x0380e288                vex::timer::time(vex::timeUnits) const
 .text._ZNK3vex5timer5valueEv
                0x0380e2c8        0x8 C:\Program Files (x86)\VEX Robotics\VEXcode Pro V5\sdk/vexv5\libv5rt.a(vex_timer.cpp.obj)
                0x0380e2c8                vex::timer::value() const
 .text._ZN3vex11motor_group18motor_group_motorsC2Ev
                0x0380e2d0       0x28 C:\Program Files (x86)\VEX Robotics\VEXcode Pro V5\sdk/vexv5\libv5rt.a(vex_motorgroup.cpp.obj)
                0x0380e2d0                vex::motor_group::motor_group_motors::motor_group_motors()
                0x0380e2d0                vex::motor_group::motor_group_motors::motor_group_motors()
 .text._ZN3vex11motor_groupC2Ev
                0x0380e2f8       0x1c C:\Program Files (x86)\VEX Robotics\VEXcode Pro V5\sdk/vexv5\libv5rt.a(vex_motorgroup.cpp.obj)
                0x0380e2f8                vex::motor_group::motor_group()
                0x0380e2f8                vex::motor_group::motor_group()
 .text._ZN3vex11motor_groupD2Ev
                0x0380e314        0x4 C:\Program Files (x86)\VEX Robotics\VEXcode Pro V5\sdk/vexv5\libv5rt.a(vex_motorgroup.cpp.obj)
                0x0380e314                vex::motor_group::~motor_group()
                0x0380e314                vex::motor_group::~motor_group()
 .text._ZN3vex11motor_group9_addMotorERNS_5motorE
                0x0380e318       0x20 C:\Program Files (x86)\VEX Robotics\VEXcode Pro V5\sdk/vexv5\libv5rt.a(vex_motorgroup.cpp.obj)
                0x0380e318                vex::motor_group::_addMotor(vex::motor&)
 .text._ZN3vex11motor_group11setStoppingENS_9brakeTypeE
                0x0380e338       0x38 C:\Program Files (x86)\VEX Robotics\VEXcode Pro V5\sdk/vexv5\libv5rt.a(vex_motorgroup.cpp.obj)
                0x0380e338                vex::motor_group::setStopping(vex::brakeType)
 .text._ZN3vex11motor_group4spinENS_13directionTypeEdNS_12voltageUnitsE
                0x0380e370       0x54 C:\Program Files (x86)\VEX Robotics\VEXcode Pro V5\sdk/vexv5\libv5rt.a(vex_motorgroup.cpp.obj)
                0x0380e370                vex::motor_group::spin(vex::directionType, double, vex::voltageUnits)
 .text.vexAdiPortConfigSet
                0x0380e3c4       0x28 C:\Program Files (x86)\VEX Robotics\VEXcode Pro V5\sdk/vexv5\libv5rt.a(v5_apiuser.c.obj)
                0x0380e3c4                vexAdiPortConfigSet
 .text.vexAdiPortConfigGet
                0x0380e3ec       0x28 C:\Program Files (x86)\VEX Robotics\VEXcode Pro V5\sdk/vexv5\libv5rt.a(v5_apiuser.c.obj)
                0x0380e3ec                vexAdiPortConfigGet
 .text.vexAdiValueSet
                0x0380e414       0x28 C:\Program Files (x86)\VEX Robotics\VEXcode Pro V5\sdk/vexv5\libv5rt.a(v5_apiuser.c.obj)
                0x0380e414                vexAdiValueSet
 .text.vexAdiValueGet
                0x0380e43c       0x20 C:\Program Files (x86)\VEX Robotics\VEXcode Pro V5\sdk/vexv5\libv5rt.a(v5_apiuser.c.obj)
                0x0380e43c                vexAdiValueGet
 .text.vexMotorVoltageSet
                0x0380e45c       0x20 C:\Program Files (x86)\VEX Robotics\VEXcode Pro V5\sdk/vexv5\libv5rt.a(v5_apiuser.c.obj)
                0x0380e45c                vexMotorVoltageSet
 .text.vexMotorActualVelocityGet
                0x0380e47c       0x24 C:\Program Files (x86)\VEX Robotics\VEXcode Pro V5\sdk/vexv5\libv5rt.a(v5_apiuser.c.obj)
                0x0380e47c                vexMotorActualVelocityGet
 .text.vexMotorReverseFlagSet
                0x0380e4a0       0x20 C:\Program Files (x86)\VEX Robotics\VEXcode Pro V5\sdk/vexv5\libv5rt.a(v5_apiuser.c.obj)
                0x0380e4a0                vexMotorReverseFlagSet
 .text.vexMotorBrakeModeSet
                0x0380e4c0       0x20 C:\Program Files (x86)\VEX Robotics\VEXcode Pro V5\sdk/vexv5\libv5rt.a(v5_apiuser.c.obj)
                0x0380e4c0                vexMotorBrakeModeSet
 .text.vexMotorPositionSet
                0x0380e4e0       0x28 C:\Program Files (x86)\VEX Robotics\VEXcode Pro V5\sdk/vexv5\libv5rt.a(v5_apiuser.c.obj)
                0x0380e4e0                vexMotorPositionSet
 .text.vexMotorGearingSet
                0x0380e508       0x20 C:\Program Files (x86)\VEX Robotics\VEXcode Pro V5\sdk/vexv5\libv5rt.a(v5_apiuser.c.obj)
                0x0380e508                vexMotorGearingSet
 .text.vexMotorGearingGet
                0x0380e528       0x18 C:\Program Files (x86)\VEX Robotics\VEXcode Pro V5\sdk/vexv5\libv5rt.a(v5_apiuser.c.obj)
                0x0380e528                vexMotorGearingGet
 .text.vexImuReset
                0x0380e540       0x10 C:\Program Files (x86)\VEX Robotics\VEXcode Pro V5\sdk/vexv5\libv5rt.a(v5_apiuser.c.obj)
                0x0380e540                vexImuReset
 .text.vexImuHeadingGet
                0x0380e550       0x10 C:\Program Files (x86)\VEX Robotics\VEXcode Pro V5\sdk/vexv5\libv5rt.a(v5_apiuser.c.obj)
                0x0380e550                vexImuHeadingGet
 .text.vexImuDegreesGet
                0x0380e560       0x10 C:\Program Files (x86)\VEX Robotics\VEXcode Pro V5\sdk/vexv5\libv5rt.a(v5_apiuser.c.obj)
                0x0380e560                vexImuDegreesGet
 .text.vexImuStatusGet
                0x0380e570       0x10 C:\Program Files (x86)\VEX Robotics\VEXcode Pro V5\sdk/vexv5\libv5rt.a(v5_apiuser.c.obj)
                0x0380e570                vexImuStatusGet
 .text.vexEventMaskSet
                0x0380e580       0x28 C:\Program Files (x86)\VEX Robotics\VEXcode Pro V5\sdk/vexv5\libv5rt.a(v5_apiuser.c.obj)
                0x0380e580                vexEventMaskSet
 .text.vexEventMaskGet
                0x0380e5a8       0x18 C:\Program Files (x86)\VEX Robotics\VEXcode Pro V5\sdk/vexv5\libv5rt.a(v5_apiuser.c.obj)
                0x0380e5a8                vexEventMaskGet
 .text._ZN3vex6deviceD2Ev
                0x0380e5c0        0x4 C:\Program Files (x86)\VEX Robotics\VEXcode Pro V5\sdk/vexv5\libv5rt.a(vex_device.cpp.obj)
                0x0380e5c0                vex::device::~device()
                0x0380e5c0                vex::device::~device()
 .text._ZN3vex6device5valueEv
                0x0380e5c4        0x8 C:\Program Files (x86)\VEX Robotics\VEXcode Pro V5\sdk/vexv5\libv5rt.a(vex_device.cpp.obj)
                0x0380e5c4                vex::device::value()
 .text._ZN3vex6deviceD0Ev
                0x0380e5cc       0x14 C:\Program Files (x86)\VEX Robotics\VEXcode Pro V5\sdk/vexv5\libv5rt.a(vex_device.cpp.obj)
                0x0380e5cc                vex::device::~device()
 .text._ZN3vex6device4initEl
                0x0380e5e0       0x30 C:\Program Files (x86)\VEX Robotics\VEXcode Pro V5\sdk/vexv5\libv5rt.a(vex_device.cpp.obj)
                0x0380e5e0                vex::device::init(long)
 .text._ZN3vex6deviceC2El
                0x0380e610       0x20 C:\Program Files (x86)\VEX Robotics\VEXcode Pro V5\sdk/vexv5\libv5rt.a(vex_device.cpp.obj)
                0x0380e610                vex::device::device(long)
                0x0380e610                vex::device::device(long)
 .text._ZN3vex6device4typeEv
                0x0380e630       0x10 C:\Program Files (x86)\VEX Robotics\VEXcode Pro V5\sdk/vexv5\libv5rt.a(vex_device.cpp.obj)
                0x0380e630                vex::device::type()
 .text._ZN3vex6device9installedEv
                0x0380e640       0x14 C:\Program Files (x86)\VEX Robotics\VEXcode Pro V5\sdk/vexv5\libv5rt.a(vex_device.cpp.obj)
                0x0380e640                vex::device::installed()
 .text._ZNK10__cxxabiv117__class_type_info11__do_upcastEPKS0_PPv
                0x0380e654       0x38 C:\Program Files (x86)\VEX Robotics\VEXcode Pro V5\sdk/vexv5/gcc/libs\libstdc++.a(class_type_info.o)
                0x0380e654                __cxxabiv1::__class_type_info::__do_upcast(__cxxabiv1::__class_type_info const*, void**) const
 .text._ZNK10__cxxabiv117__class_type_info20__do_find_public_srcEiPKvPKS0_S2_
                0x0380e68c        0xc C:\Program Files (x86)\VEX Robotics\VEXcode Pro V5\sdk/vexv5/gcc/libs\libstdc++.a(class_type_info.o)
                0x0380e68c                __cxxabiv1::__class_type_info::__do_find_public_src(int, void const*, __cxxabiv1::__class_type_info const*, void const*) const
 .text._ZN10__cxxabiv117__class_type_infoD2Ev
                0x0380e698       0x14 C:\Program Files (x86)\VEX Robotics\VEXcode Pro V5\sdk/vexv5/gcc/libs\libstdc++.a(class_type_info.o)
                0x0380e698                __cxxabiv1::__class_type_info::~__class_type_info()
                0x0380e698                __cxxabiv1::__class_type_info::~__class_type_info()
 .text._ZN10__cxxabiv117__class_type_infoD0Ev
                0x0380e6ac       0x1c C:\Program Files (x86)\VEX Robotics\VEXcode Pro V5\sdk/vexv5/gcc/libs\libstdc++.a(class_type_info.o)
                0x0380e6ac                __cxxabiv1::__class_type_info::~__class_type_info()
 .text._ZNK10__cxxabiv117__class_type_info11__do_upcastEPKS0_PKvRNS0_15__upcast_resultE
                0x0380e6c8       0x18 C:\Program Files (x86)\VEX Robotics\VEXcode Pro V5\sdk/vexv5/gcc/libs\libstdc++.a(class_type_info.o)
                0x0380e6c8                __cxxabiv1::__class_type_info::__do_upcast(__cxxabiv1::__class_type_info const*, void const*, __cxxabiv1::__class_type_info::__upcast_result&) const
 .text._ZNK10__cxxabiv117__class_type_info10__do_catchEPKSt9type_infoPPvj
                0x0380e6e0       0x2c C:\Program Files (x86)\VEX Robotics\VEXcode Pro V5\sdk/vexv5/gcc/libs\libstdc++.a(class_type_info.o)
                0x0380e6e0                __cxxabiv1::__class_type_info::__do_catch(std::type_info const*, void**, unsigned int) const
 .text._ZNK10__cxxabiv117__class_type_info12__do_dyncastEiNS0_10__sub_kindEPKS0_PKvS3_S5_RNS0_16__dyncast_resultE
                0x0380e70c       0x40 C:\Program Files (x86)\VEX Robotics\VEXcode Pro V5\sdk/vexv5/gcc/libs\libstdc++.a(class_type_info.o)
                0x0380e70c                __cxxabiv1::__class_type_info::__do_dyncast(int, __cxxabiv1::__class_type_info::__sub_kind, __cxxabiv1::__class_type_info const*, void const*, __cxxabiv1::__class_type_info const*, void const*, __cxxabiv1::__class_type_info::__dyncast_result&) const
 .text._ZN10__cxxabiv120__si_class_type_infoD2Ev
                0x0380e74c       0x14 C:\Program Files (x86)\VEX Robotics\VEXcode Pro V5\sdk/vexv5/gcc/libs\libstdc++.a(si_class_type_info.o)
                0x0380e74c                __cxxabiv1::__si_class_type_info::~__si_class_type_info()
                0x0380e74c                __cxxabiv1::__si_class_type_info::~__si_class_type_info()
 .text._ZN10__cxxabiv120__si_class_type_infoD0Ev
                0x0380e760       0x1c C:\Program Files (x86)\VEX Robotics\VEXcode Pro V5\sdk/vexv5/gcc/libs\libstdc++.a(si_class_type_info.o)
                0x0380e760                __cxxabiv1::__si_class_type_info::~__si_class_type_info()
 .text._ZNK10__cxxabiv120__si_class_type_info20__do_find_public_srcEiPKvPKNS_17__class_type_infoES2_
                0x0380e77c       0x3c C:\Program Files (x86)\VEX Robotics\VEXcode Pro V5\sdk/vexv5/gcc/libs\libstdc++.a(si_class_type_info.o)
                0x0380e77c                __cxxabiv1::__si_class_type_info::__do_find_public_src(int, void const*, __cxxabiv1::__class_type_info const*, void const*) const
 .text._ZNK10__cxxabiv120__si_class_type_info12__do_dyncastEiNS_17__class_type_info10__sub_kindEPKS1_PKvS4_S6_RNS1_16__dyncast_resultE
                0x0380e7b8       0x8c C:\Program Files (x86)\VEX Robotics\VEXcode Pro V5\sdk/vexv5/gcc/libs\libstdc++.a(si_class_type_info.o)
                0x0380e7b8                __cxxabiv1::__si_class_type_info::__do_dyncast(int, __cxxabiv1::__class_type_info::__sub_kind, __cxxabiv1::__class_type_info const*, void const*, __cxxabiv1::__class_type_info const*, void const*, __cxxabiv1::__class_type_info::__dyncast_result&) const
 .text._ZNK10__cxxabiv120__si_class_type_info11__do_upcastEPKNS_17__class_type_infoEPKvRNS1_15__upcast_resultE
                0x0380e844       0x2c C:\Program Files (x86)\VEX Robotics\VEXcode Pro V5\sdk/vexv5/gcc/libs\libstdc++.a(si_class_type_info.o)
                0x0380e844                __cxxabiv1::__si_class_type_info::__do_upcast(__cxxabiv1::__class_type_info const*, void const*, __cxxabiv1::__class_type_info::__upcast_result&) const
 .text._ZNSt9type_infoD2Ev
                0x0380e870        0x4 C:\Program Files (x86)\VEX Robotics\VEXcode Pro V5\sdk/vexv5/gcc/libs\libstdc++.a(tinfo.o)
                0x0380e870                std::type_info::~type_info()
                0x0380e870                std::type_info::~type_info()
 .text._ZNKSt9type_info14__is_pointer_pEv
                0x0380e874        0x4 C:\Program Files (x86)\VEX Robotics\VEXcode Pro V5\sdk/vexv5/gcc/libs\libstdc++.a(tinfo.o)
                0x0380e874                std::type_info::__is_pointer_p() const
 .text._ZNKSt9type_info15__is_function_pEv
                0x0380e878        0x4 C:\Program Files (x86)\VEX Robotics\VEXcode Pro V5\sdk/vexv5/gcc/libs\libstdc++.a(tinfo.o)
                0x0380e878                std::type_info::__is_function_p() const
 .text._ZNKSt9type_infoeqERKS_
                0x0380e87c       0x2c C:\Program Files (x86)\VEX Robotics\VEXcode Pro V5\sdk/vexv5/gcc/libs\libstdc++.a(tinfo.o)
                0x0380e87c                std::type_info::operator==(std::type_info const&) const
 .text._ZNSt8ios_base17_M_call_callbacksENS_5eventE
                0x0380e8a8       0x34 C:\Program Files (x86)\VEX Robotics\VEXcode Pro V5\sdk/vexv5/gcc/libs\libstdc++.a(ios.o)
                0x0380e8a8                std::ios_base::_M_call_callbacks(std::ios_base::event)
 .text._ZNSt8ios_base20_M_dispose_callbacksEv
                0x0380e8dc       0x2c C:\Program Files (x86)\VEX Robotics\VEXcode Pro V5\sdk/vexv5/gcc/libs\libstdc++.a(ios.o)
                0x0380e8dc                std::ios_base::_M_dispose_callbacks()
 .text._ZNSt8ios_baseD2Ev
                0x0380e908       0x38 C:\Program Files (x86)\VEX Robotics\VEXcode Pro V5\sdk/vexv5/gcc/libs\libstdc++.a(ios.o)
                0x0380e908                std::ios_base::~ios_base()
                0x0380e908                std::ios_base::~ios_base()
 .text._ZNSt8ios_baseD0Ev
                0x0380e940       0x14 C:\Program Files (x86)\VEX Robotics\VEXcode Pro V5\sdk/vexv5/gcc/libs\libstdc++.a(ios.o)
                0x0380e940                std::ios_base::~ios_base()
 .text._ZN10__cxxabiv121__vmi_class_type_infoD2Ev
                0x0380e954       0x14 C:\Program Files (x86)\VEX Robotics\VEXcode Pro V5\sdk/vexv5/gcc/libs\libstdc++.a(vmi_class_type_info.o)
                0x0380e954                __cxxabiv1::__vmi_class_type_info::~__vmi_class_type_info()
                0x0380e954                __cxxabiv1::__vmi_class_type_info::~__vmi_class_type_info()
 .text._ZN10__cxxabiv121__vmi_class_type_infoD0Ev
                0x0380e968       0x1c C:\Program Files (x86)\VEX Robotics\VEXcode Pro V5\sdk/vexv5/gcc/libs\libstdc++.a(vmi_class_type_info.o)
                0x0380e968                __cxxabiv1::__vmi_class_type_info::~__vmi_class_type_info()
 .text._ZNK10__cxxabiv121__vmi_class_type_info20__do_find_public_srcEiPKvPKNS_17__class_type_infoES2_
                0x0380e984       0x8c C:\Program Files (x86)\VEX Robotics\VEXcode Pro V5\sdk/vexv5/gcc/libs\libstdc++.a(vmi_class_type_info.o)
                0x0380e984                __cxxabiv1::__vmi_class_type_info::__do_find_public_src(int, void const*, __cxxabiv1::__class_type_info const*, void const*) const
 .text._ZNK10__cxxabiv121__vmi_class_type_info12__do_dyncastEiNS_17__class_type_info10__sub_kindEPKS1_PKvS4_S6_RNS1_16__dyncast_resultE
                0x0380ea10      0x380 C:\Program Files (x86)\VEX Robotics\VEXcode Pro V5\sdk/vexv5/gcc/libs\libstdc++.a(vmi_class_type_info.o)
                0x0380ea10                __cxxabiv1::__vmi_class_type_info::__do_dyncast(int, __cxxabiv1::__class_type_info::__sub_kind, __cxxabiv1::__class_type_info const*, void const*, __cxxabiv1::__class_type_info const*, void const*, __cxxabiv1::__class_type_info::__dyncast_result&) const
 .text._ZNK10__cxxabiv121__vmi_class_type_info11__do_upcastEPKNS_17__class_type_infoEPKvRNS1_15__upcast_resultE
                0x0380ed90      0x164 C:\Program Files (x86)\VEX Robotics\VEXcode Pro V5\sdk/vexv5/gcc/libs\libstdc++.a(vmi_class_type_info.o)
                0x0380ed90                __cxxabiv1::__vmi_class_type_info::__do_upcast(__cxxabiv1::__class_type_info const*, void const*, __cxxabiv1::__class_type_info::__upcast_result&) const
 .text.__aeabi_memcpy
                0x0380eef4        0x4 C:\Program Files (x86)\VEX Robotics\VEXcode Pro V5\sdk/vexv5/gcc/libs\libc.a(lib_a-aeabi_memcpy.o)
                0x0380eef4                __aeabi_memcpy
                0x0380eef4                __aeabi_memcpy8
                0x0380eef4                __aeabi_memcpy4
 .text.__libc_fini_array
                0x0380eef8       0x30 C:\Program Files (x86)\VEX Robotics\VEXcode Pro V5\sdk/vexv5/gcc/libs\libc.a(lib_a-fini.o)
                0x0380eef8                __libc_fini_array
 .text.__libc_init_array
                0x0380ef28       0x58 C:\Program Files (x86)\VEX Robotics\VEXcode Pro V5\sdk/vexv5/gcc/libs\libc.a(lib_a-init.o)
                0x0380ef28                __libc_init_array
 .text.memcpy   0x0380ef80       0xa8 C:\Program Files (x86)\VEX Robotics\VEXcode Pro V5\sdk/vexv5/gcc/libs\libc.a(lib_a-memcpy.o)
                0x0380ef80                memcpy
 .text.round    0x0380f028       0x94 C:\Program Files (x86)\VEX Robotics\VEXcode Pro V5\sdk/vexv5/gcc/libs\libm.a(lib_a-s_round.o)
                0x0380f028                round
 .text.roundf   0x0380f0bc       0x68 C:\Program Files (x86)\VEX Robotics\VEXcode Pro V5\sdk/vexv5/gcc/libs\libm.a(lib_a-sf_round.o)
                0x0380f0bc                roundf
 .text.atan2f   0x0380f124        0x4 C:\Program Files (x86)\VEX Robotics\VEXcode Pro V5\sdk/vexv5/gcc/libs\libm.a(lib_a-wf_atan2.o)
                0x0380f124                atan2f
 .text.__ieee754_atan2f
                0x0380f128      0x188 C:\Program Files (x86)\VEX Robotics\VEXcode Pro V5\sdk/vexv5/gcc/libs\libm.a(lib_a-ef_atan2.o)
                0x0380f128                __ieee754_atan2f
 .text.atanf    0x0380f2b0      0x1c0 C:\Program Files (x86)\VEX Robotics\VEXcode Pro V5\sdk/vexv5/gcc/libs\libm.a(lib_a-sf_atan.o)
                0x0380f2b0                atanf
 .text.fabsf    0x0380f470        0x8 C:\Program Files (x86)\VEX Robotics\VEXcode Pro V5\sdk/vexv5/gcc/libs\libm.a(lib_a-sf_fabs.o)
                0x0380f470                fabsf
 .text.fabsf.__stub
                0x0380f478       0x18 linker stubs
 *(.gnu.linkonce.t.*)
 *(.plt)
 *(.gnu_warning)
 *(.gcc_except_table)
 *(.glue_7)
 .glue_7        0x00000000        0x0 linker stubs
 *(.glue_7t)
 .glue_7t       0x00000000        0x0 linker stubs
 *(.vfp11_veneer)
 .vfp11_veneer  0x00000000        0x0 linker stubs
 *(.ARM.extab)
 *(.gnu.linkonce.armextab.*)

.v4_bx          0x0380f490        0x0
 .v4_bx         0x00000000        0x0 linker stubs

.iplt           0x0380f490        0x0
 .iplt          0x00000000        0x0 build/src/main.o

.init
 *(.init)

.fini
 *(.fini)

.rodata         0x0380f490      0x760
                0x0380f490                __rodata_start = .
 *(.rodata)
 *(.rodata.*)
 .rodata.str1.1
                0x0380f490       0xef build/src/main.o
 .rodata.str1.1
                0x0380f57f       0x48 build/src/auton.o
                                 0x92 (size before relaxing)
 *fill*         0x0380f5c7        0x1 
 .rodata.cst16  0x0380f5c8       0xd0 build/src/auton.o
 .rodata.str1.1
                0x0380f698       0x48 build/src/motion-profile.o
                                 0x92 (size before relaxing)
 .rodata.cst16  0x0380f6e0       0x10 build/src/subsystems/pure-pursuit.o
 .rodata.str1.1
                0x0380f6f0       0x2e C:\Program Files (x86)\VEX Robotics\VEXcode Pro V5\sdk/vexv5\libv5rt.a(v5_startup.c.obj)
 *fill*         0x0380f71e        0x2 
 .rodata._ZN3vex6PORT20E
                0x0380f720        0x4 C:\Program Files (x86)\VEX Robotics\VEXcode Pro V5\sdk/vexv5\libv5rt.a(vex_global.cpp.obj)
                0x0380f720                vex::PORT20
 .rodata._ZN3vex3fwdE
                0x0380f724        0x4 C:\Program Files (x86)\VEX Robotics\VEXcode Pro V5\sdk/vexv5\libv5rt.a(vex_global.cpp.obj)
                0x0380f724                vex::fwd
 .rodata._ZN3vex5PORT5E
                0x0380f728        0x4 C:\Program Files (x86)\VEX Robotics\VEXcode Pro V5\sdk/vexv5\libv5rt.a(vex_global.cpp.obj)
                0x0380f728                vex::PORT5
 .rodata._ZN3vex7forwardE
                0x0380f72c        0x4 C:\Program Files (x86)\VEX Robotics\VEXcode Pro V5\sdk/vexv5\libv5rt.a(vex_global.cpp.obj)
                0x0380f72c                vex::forward
 .rodata._ZN3vex6PORT14E
                0x0380f730        0x4 C:\Program Files (x86)\VEX Robotics\VEXcode Pro V5\sdk/vexv5\libv5rt.a(vex_global.cpp.obj)
                0x0380f730                vex::PORT14
 .rodata._ZN3vex5whiteE
                0x0380f734        0x4 C:\Program Files (x86)\VEX Robotics\VEXcode Pro V5\sdk/vexv5\libv5rt.a(vex_global.cpp.obj)
                0x0380f734                vex::white
 .rodata._ZN3vex5blackE
                0x0380f738        0x4 C:\Program Files (x86)\VEX Robotics\VEXcode Pro V5\sdk/vexv5\libv5rt.a(vex_global.cpp.obj)
                0x0380f738                vex::black
 .rodata._ZN3vex4msecE
                0x0380f73c        0x4 C:\Program Files (x86)\VEX Robotics\VEXcode Pro V5\sdk/vexv5\libv5rt.a(vex_global.cpp.obj)
                0x0380f73c                vex::msec
 .rodata._ZN3vex5PORT2E
                0x0380f740        0x4 C:\Program Files (x86)\VEX Robotics\VEXcode Pro V5\sdk/vexv5\libv5rt.a(vex_global.cpp.obj)
                0x0380f740                vex::PORT2
 .rodata._ZN3vex6PORT11E
                0x0380f744        0x4 C:\Program Files (x86)\VEX Robotics\VEXcode Pro V5\sdk/vexv5\libv5rt.a(vex_global.cpp.obj)
                0x0380f744                vex::PORT11
 .rodata._ZN3vex7primaryE
                0x0380f748        0x4 C:\Program Files (x86)\VEX Robotics\VEXcode Pro V5\sdk/vexv5\libv5rt.a(vex_global.cpp.obj)
                0x0380f748                vex::primary
 .rodata._ZN3vex5greenE
                0x0380f74c        0x4 C:\Program Files (x86)\VEX Robotics\VEXcode Pro V5\sdk/vexv5\libv5rt.a(vex_global.cpp.obj)
                0x0380f74c                vex::green
 .rodata._ZN3vex7percentE
                0x0380f750        0x4 C:\Program Files (x86)\VEX Robotics\VEXcode Pro V5\sdk/vexv5\libv5rt.a(vex_global.cpp.obj)
                0x0380f750                vex::percent
 .rodata._ZN3vex6PORT19E
                0x0380f754        0x4 C:\Program Files (x86)\VEX Robotics\VEXcode Pro V5\sdk/vexv5\libv5rt.a(vex_global.cpp.obj)
                0x0380f754                vex::PORT19
 .rodata._ZN3vex7degreesE
                0x0380f758        0x4 C:\Program Files (x86)\VEX Robotics\VEXcode Pro V5\sdk/vexv5\libv5rt.a(vex_global.cpp.obj)
                0x0380f758                vex::degrees
 .rodata._ZN3vex6PORT22E
                0x0380f75c        0x4 C:\Program Files (x86)\VEX Robotics\VEXcode Pro V5\sdk/vexv5\libv5rt.a(vex_global.cpp.obj)
                0x0380f75c                vex::PORT22
 .rodata._ZN3vex4holdE
                0x0380f760        0x4 C:\Program Files (x86)\VEX Robotics\VEXcode Pro V5\sdk/vexv5\libv5rt.a(vex_global.cpp.obj)
                0x0380f760                vex::hold
 .rodata._ZN3vex5PORT7E
                0x0380f764        0x4 C:\Program Files (x86)\VEX Robotics\VEXcode Pro V5\sdk/vexv5\libv5rt.a(vex_global.cpp.obj)
                0x0380f764                vex::PORT7
 .rodata._ZN3vex8ratio6_1E
                0x0380f768        0x4 C:\Program Files (x86)\VEX Robotics\VEXcode Pro V5\sdk/vexv5\libv5rt.a(vex_global.cpp.obj)
                0x0380f768                vex::ratio6_1
 .rodata._ZN3vex5PORT4E
                0x0380f76c        0x4 C:\Program Files (x86)\VEX Robotics\VEXcode Pro V5\sdk/vexv5\libv5rt.a(vex_global.cpp.obj)
                0x0380f76c                vex::PORT4
 .rodata._ZN3vex5PORT8E
                0x0380f770        0x4 C:\Program Files (x86)\VEX Robotics\VEXcode Pro V5\sdk/vexv5\libv5rt.a(vex_global.cpp.obj)
                0x0380f770                vex::PORT8
 .rodata._ZN3vex9ratio18_1E
                0x0380f774        0x4 C:\Program Files (x86)\VEX Robotics\VEXcode Pro V5\sdk/vexv5\libv5rt.a(vex_global.cpp.obj)
                0x0380f774                vex::ratio18_1
 .rodata._ZTVN3vex5motorE
                0x0380f778       0x18 C:\Program Files (x86)\VEX Robotics\VEXcode Pro V5\sdk/vexv5\libv5rt.a(vex_motor.cpp.obj)
                0x0380f778                vtable for vex::motor
 .rodata._ZTVN3vex8inertialE
                0x0380f790       0x68 C:\Program Files (x86)\VEX Robotics\VEXcode Pro V5\sdk/vexv5\libv5rt.a(vex_imu.cpp.obj)
                0x0380f790                vtable for vex::inertial
 .rodata.CSWTCH.16
                0x0380f7f8        0xb C:\Program Files (x86)\VEX Robotics\VEXcode Pro V5\sdk/vexv5\libv5rt.a(vex_controller.cpp.obj)
 .rodata.CSWTCH.18
                0x0380f803        0xb C:\Program Files (x86)\VEX Robotics\VEXcode Pro V5\sdk/vexv5\libv5rt.a(vex_controller.cpp.obj)
 .rodata.CSWTCH.24
                0x0380f80e        0x3 C:\Program Files (x86)\VEX Robotics\VEXcode Pro V5\sdk/vexv5\libv5rt.a(vex_controller.cpp.obj)
 .rodata.str1.1
                0x0380f811       0x14 C:\Program Files (x86)\VEX Robotics\VEXcode Pro V5\sdk/vexv5\libv5rt.a(vex_task.cpp.obj)
 .rodata.str1.1
                0x0380f825       0x2d C:\Program Files (x86)\VEX Robotics\VEXcode Pro V5\sdk/vexv5\libv5rt.a(vex_brain.cpp.obj)
 .rodata.CSWTCH.36
                0x0380f852       0x10 C:\Program Files (x86)\VEX Robotics\VEXcode Pro V5\sdk/vexv5\libv5rt.a(vex_triport.cpp.obj)
 *fill*         0x0380f862        0x6 
 .rodata._ZTVN3vex7triportE
                0x0380f868       0x18 C:\Program Files (x86)\VEX Robotics\VEXcode Pro V5\sdk/vexv5\libv5rt.a(vex_triport.cpp.obj)
                0x0380f868                vtable for vex::triport
 .rodata.CSWTCH.31
                0x0380f880        0xe C:\Program Files (x86)\VEX Robotics\VEXcode Pro V5\sdk/vexv5\libv5rt.a(vex_triport.cpp.obj)
 *fill*         0x0380f88e        0x2 
 .rodata._ZTVN3vex6deviceE
                0x0380f890       0x18 C:\Program Files (x86)\VEX Robotics\VEXcode Pro V5\sdk/vexv5\libv5rt.a(vex_device.cpp.obj)
                0x0380f890                vtable for vex::device
 .rodata._ZTCSt18basic_stringstreamIcSt11char_traitsIcESaIcEE8_So
                0x0380f8a8       0x28 C:\Program Files (x86)\VEX Robotics\VEXcode Pro V5\sdk/vexv5/gcc/libs\libstdc++.a(sstream-inst.o)
                0x0380f8a8                construction vtable for std::ostream-in-std::basic_stringstream<char, std::char_traits<char>, std::allocator<char> >
 .rodata._ZTCSt18basic_stringstreamIcSt11char_traitsIcESaIcEE0_Si
                0x0380f8d0       0x28 C:\Program Files (x86)\VEX Robotics\VEXcode Pro V5\sdk/vexv5/gcc/libs\libstdc++.a(sstream-inst.o)
                0x0380f8d0                construction vtable for std::istream-in-std::basic_stringstream<char, std::char_traits<char>, std::allocator<char> >
 .rodata._ZTCSt18basic_stringstreamIcSt11char_traitsIcESaIcEE0_Sd
                0x0380f8f8       0x3c C:\Program Files (x86)\VEX Robotics\VEXcode Pro V5\sdk/vexv5/gcc/libs\libstdc++.a(sstream-inst.o)
                0x0380f8f8                construction vtable for std::iostream-in-std::basic_stringstream<char, std::char_traits<char>, std::allocator<char> >
 *fill*         0x0380f934        0x4 
 .rodata._ZTTSt18basic_stringstreamIcSt11char_traitsIcESaIcEE
                0x0380f938       0x28 C:\Program Files (x86)\VEX Robotics\VEXcode Pro V5\sdk/vexv5/gcc/libs\libstdc++.a(sstream-inst.o)
                0x0380f938                VTT for std::basic_stringstream<char, std::char_traits<char>, std::allocator<char> >
 .rodata._ZTVSt18basic_stringstreamIcSt11char_traitsIcESaIcEE
                0x0380f960       0x3c C:\Program Files (x86)\VEX Robotics\VEXcode Pro V5\sdk/vexv5/gcc/libs\libstdc++.a(sstream-inst.o)
                0x0380f960                vtable for std::basic_stringstream<char, std::char_traits<char>, std::allocator<char> >
 .rodata._ZTISt18basic_stringstreamIcSt11char_traitsIcESaIcEE
                0x0380f99c        0xc C:\Program Files (x86)\VEX Robotics\VEXcode Pro V5\sdk/vexv5/gcc/libs\libstdc++.a(sstream-inst.o)
                0x0380f99c                typeinfo for std::basic_stringstream<char, std::char_traits<char>, std::allocator<char> >
 .rodata._ZTSSt18basic_stringstreamIcSt11char_traitsIcESaIcEE
                0x0380f9a8       0x31 C:\Program Files (x86)\VEX Robotics\VEXcode Pro V5\sdk/vexv5/gcc/libs\libstdc++.a(sstream-inst.o)
                0x0380f9a8                typeinfo name for std::basic_stringstream<char, std::char_traits<char>, std::allocator<char> >
 *fill*         0x0380f9d9        0x7 
 .rodata._ZTVN10__cxxabiv117__class_type_infoE
                0x0380f9e0       0x2c C:\Program Files (x86)\VEX Robotics\VEXcode Pro V5\sdk/vexv5/gcc/libs\libstdc++.a(class_type_info.o)
                0x0380f9e0                vtable for __cxxabiv1::__class_type_info
 .rodata._ZTIN10__cxxabiv117__class_type_infoE
                0x0380fa0c        0xc C:\Program Files (x86)\VEX Robotics\VEXcode Pro V5\sdk/vexv5/gcc/libs\libstdc++.a(class_type_info.o)
                0x0380fa0c                typeinfo for __cxxabiv1::__class_type_info
 .rodata._ZTSN10__cxxabiv117__class_type_infoE
                0x0380fa18       0x22 C:\Program Files (x86)\VEX Robotics\VEXcode Pro V5\sdk/vexv5/gcc/libs\libstdc++.a(class_type_info.o)
                0x0380fa18                typeinfo name for __cxxabiv1::__class_type_info
 *fill*         0x0380fa3a        0x6 
 .rodata._ZTVN10__cxxabiv120__si_class_type_infoE
                0x0380fa40       0x2c C:\Program Files (x86)\VEX Robotics\VEXcode Pro V5\sdk/vexv5/gcc/libs\libstdc++.a(si_class_type_info.o)
                0x0380fa40                vtable for __cxxabiv1::__si_class_type_info
 .rodata._ZTIN10__cxxabiv120__si_class_type_infoE
                0x0380fa6c        0xc C:\Program Files (x86)\VEX Robotics\VEXcode Pro V5\sdk/vexv5/gcc/libs\libstdc++.a(si_class_type_info.o)
                0x0380fa6c                typeinfo for __cxxabiv1::__si_class_type_info
 .rodata._ZTSN10__cxxabiv120__si_class_type_infoE
                0x0380fa78       0x25 C:\Program Files (x86)\VEX Robotics\VEXcode Pro V5\sdk/vexv5/gcc/libs\libstdc++.a(si_class_type_info.o)
                0x0380fa78                typeinfo name for __cxxabiv1::__si_class_type_info
 *fill*         0x0380fa9d        0x3 
 .rodata._ZTISt9type_info
                0x0380faa0        0x8 C:\Program Files (x86)\VEX Robotics\VEXcode Pro V5\sdk/vexv5/gcc/libs\libstdc++.a(tinfo.o)
                0x0380faa0                typeinfo for std::type_info
 .rodata._ZTSSt9type_info
                0x0380faa8        0xd C:\Program Files (x86)\VEX Robotics\VEXcode Pro V5\sdk/vexv5/gcc/libs\libstdc++.a(tinfo.o)
                0x0380faa8                typeinfo name for std::type_info
 *fill*         0x0380fab5        0x3 
 .rodata._ZTISt9basic_iosIcSt11char_traitsIcEE
                0x0380fab8        0xc C:\Program Files (x86)\VEX Robotics\VEXcode Pro V5\sdk/vexv5/gcc/libs\libstdc++.a(ios-inst.o)
                0x0380fab8                typeinfo for std::basic_ios<char, std::char_traits<char> >
 .rodata._ZTSSt9basic_iosIcSt11char_traitsIcEE
                0x0380fac4       0x22 C:\Program Files (x86)\VEX Robotics\VEXcode Pro V5\sdk/vexv5/gcc/libs\libstdc++.a(ios-inst.o)
                0x0380fac4                typeinfo name for std::basic_ios<char, std::char_traits<char> >
 *fill*         0x0380fae6        0x2 
 .rodata._ZTVSt8ios_base
                0x0380fae8       0x10 C:\Program Files (x86)\VEX Robotics\VEXcode Pro V5\sdk/vexv5/gcc/libs\libstdc++.a(ios.o)
                0x0380fae8                vtable for std::ios_base
 .rodata._ZTISt8ios_base
                0x0380faf8        0x8 C:\Program Files (x86)\VEX Robotics\VEXcode Pro V5\sdk/vexv5/gcc/libs\libstdc++.a(ios.o)
                0x0380faf8                typeinfo for std::ios_base
 .rodata._ZTSSt8ios_base
                0x0380fb00        0xc C:\Program Files (x86)\VEX Robotics\VEXcode Pro V5\sdk/vexv5/gcc/libs\libstdc++.a(ios.o)
                0x0380fb00                typeinfo name for std::ios_base
 .rodata._ZTISd
                0x0380fb0c       0x20 C:\Program Files (x86)\VEX Robotics\VEXcode Pro V5\sdk/vexv5/gcc/libs\libstdc++.a(iostream-inst.o)
                0x0380fb0c                typeinfo for std::iostream
 .rodata._ZTSSd